     1 00000000                                 [FORMAT "WCOFF"]
     2 00000000                                 [INSTRSET "i486p"]
     3 00000000                                 [OPTIMIZE 1]
     4 00000000                                 [OPTION 1]
     5 00000000                                 [BITS 32]
     6 00000000                                 	EXTERN	_table_rgb.0
     7 00000000                                 	EXTERN	_io_load_eflags
     8 00000000                                 	EXTERN	_io_cli
     9 00000000                                 	EXTERN	_io_out8
    10 00000000                                 	EXTERN	_io_store_eflags
    11 00000000                                 	EXTERN	_memman_alloc_4k
    12 00000000                                 	EXTERN	_file_readfat
    13 00000000                                 	EXTERN	_file_search
    14 00000000                                 	EXTERN	_file_loadfile
    15 00000000                                 	EXTERN	_info_JPEG
    16 00000000                                 	EXTERN	_decode0_JPEG
    17 00000000                                 	EXTERN	_memman_free_4k
    18 00000000                                 	EXTERN	_task_now
    19 00000000                                 	EXTERN	_fonts
    20 00000000                                 [FILE "graphic.c"]
    21                                          [SECTION .data]
    22 00000000                                 _table_rgb.0:
    23 00000000 00                              	DB	0
    24 00000001 00                              	DB	0
    25 00000002 00                              	DB	0
    26 00000003 FF                              	DB	-1
    27 00000004 00                              	DB	0
    28 00000005 00                              	DB	0
    29 00000006 00                              	DB	0
    30 00000007 FF                              	DB	-1
    31 00000008 00                              	DB	0
    32 00000009 FF                              	DB	-1
    33 0000000A FF                              	DB	-1
    34 0000000B 00                              	DB	0
    35 0000000C 00                              	DB	0
    36 0000000D 00                              	DB	0
    37 0000000E FF                              	DB	-1
    38 0000000F FF                              	DB	-1
    39 00000010 00                              	DB	0
    40 00000011 FF                              	DB	-1
    41 00000012 00                              	DB	0
    42 00000013 FF                              	DB	-1
    43 00000014 FF                              	DB	-1
    44 00000015 FF                              	DB	-1
    45 00000016 FF                              	DB	-1
    46 00000017 FF                              	DB	-1
    47 00000018 C6                              	DB	-58
    48 00000019 C6                              	DB	-58
    49 0000001A C6                              	DB	-58
    50 0000001B 84                              	DB	-124
    51 0000001C 00                              	DB	0
    52 0000001D 00                              	DB	0
    53 0000001E 00                              	DB	0
    54 0000001F 84                              	DB	-124
    55 00000020 00                              	DB	0
    56 00000021 84                              	DB	-124
    57 00000022 84                              	DB	-124
    58 00000023 00                              	DB	0
    59 00000024 00                              	DB	0
    60 00000025 00                              	DB	0
    61 00000026 84                              	DB	-124
    62 00000027 84                              	DB	-124
    63 00000028 00                              	DB	0
    64 00000029 84                              	DB	-124
    65 0000002A 00                              	DB	0
    66 0000002B 84                              	DB	-124
    67 0000002C 84                              	DB	-124
    68 0000002D 84                              	DB	-124
    69 0000002E 84                              	DB	-124
    70 0000002F 84                              	DB	-124
    71                                          [SECTION .text]
    72 00000000                                 	GLOBAL	_init_palette
    73 00000000                                 _init_palette:
    74 00000000 55                              	PUSH	EBP
    75 00000001 89 E5                           	MOV	EBP,ESP
    76 00000003 57                              	PUSH	EDI
    77 00000004 56                              	PUSH	ESI
    78 00000005 53                              	PUSH	EBX
    79 00000006 81 EC 000002A4                  	SUB	ESP,676
    80 0000000C 68 [00000000]                   	PUSH	_table_rgb.0
    81 00000011 6A 0F                           	PUSH	15
    82 00000013 6A 00                           	PUSH	0
    83 00000015 E8 000000B4                     	CALL	_set_palette
    84 0000001A 83 C4 0C                        	ADD	ESP,12
    85 0000001D C7 85 FFFFFD60 00000000         	MOV	DWORD [-672+EBP],0
    86 00000027 C7 85 FFFFFD5C 00000000         	MOV	DWORD [-676+EBP],0
    87 00000031 C7 85 FFFFFD58 00000000         	MOV	DWORD [-680+EBP],0
    88 0000003B                                 L16:
    89 0000003B 31 FF                           	XOR	EDI,EDI
    90 0000003D 31 F6                           	XOR	ESI,ESI
    91 0000003F 31 DB                           	XOR	EBX,EBX
    92 00000041                                 L15:
    93 00000041 31 D2                           	XOR	EDX,EDX
    94 00000043 C7 85 FFFFFD50 00000000         	MOV	DWORD [-688+EBP],0
    95 0000004D                                 L14:
    96 0000004D 8B 85 FFFFFD58                  	MOV	EAX,DWORD [-680+EBP]
    97 00000053 8A 8D FFFFFD50                  	MOV	CL,BYTE [-688+EBP]
    98 00000059 01 D8                           	ADD	EAX,EBX
    99 0000005B 01 D0                           	ADD	EAX,EDX
   100 0000005D 42                              	INC	EDX
   101 0000005E 6B C0 03                        	IMUL	EAX,EAX,3
   102 00000061 88 8C 05 FFFFFD64               	MOV	BYTE [-668+EBP+EAX*1],CL
   103 00000068 89 F1                           	MOV	ECX,ESI
   104 0000006A 88 8C 05 FFFFFD65               	MOV	BYTE [-667+EBP+EAX*1],CL
   105 00000071 8A 8D FFFFFD5C                  	MOV	CL,BYTE [-676+EBP]
   106 00000077 88 8C 05 FFFFFD66               	MOV	BYTE [-666+EBP+EAX*1],CL
   107 0000007E 83 85 FFFFFD50 33               	ADD	DWORD [-688+EBP],51
   108 00000085 83 FA 05                        	CMP	EDX,5
   109 00000088 7E C3                           	JLE	L14
   110 0000008A 47                              	INC	EDI
   111 0000008B 83 C6 33                        	ADD	ESI,51
   112 0000008E 83 C3 06                        	ADD	EBX,6
   113 00000091 83 FF 05                        	CMP	EDI,5
   114 00000094 7E AB                           	JLE	L15
   115 00000096 FF 85 FFFFFD60                  	INC	DWORD [-672+EBP]
   116 0000009C 83 85 FFFFFD5C 33               	ADD	DWORD [-676+EBP],51
   117 000000A3 83 85 FFFFFD58 24               	ADD	DWORD [-680+EBP],36
   118 000000AA 83 BD FFFFFD60 05               	CMP	DWORD [-672+EBP],5
   119 000000B1 7E 88                           	JLE	L16
   120 000000B3 8D 85 FFFFFD64                  	LEA	EAX,DWORD [-668+EBP]
   121 000000B9 50                              	PUSH	EAX
   122 000000BA 68 000000E7                     	PUSH	231
   123 000000BF 6A 10                           	PUSH	16
   124 000000C1 E8 00000008                     	CALL	_set_palette
   125 000000C6 8D 65 F4                        	LEA	ESP,DWORD [-12+EBP]
   126 000000C9 5B                              	POP	EBX
   127 000000CA 5E                              	POP	ESI
   128 000000CB 5F                              	POP	EDI
   129 000000CC 5D                              	POP	EBP
   130 000000CD C3                              	RET
   131 000000CE                                 	GLOBAL	_set_palette
   132 000000CE                                 _set_palette:
   133 000000CE 55                              	PUSH	EBP
   134 000000CF 89 E5                           	MOV	EBP,ESP
   135 000000D1 57                              	PUSH	EDI
   136 000000D2 56                              	PUSH	ESI
   137 000000D3 53                              	PUSH	EBX
   138 000000D4 51                              	PUSH	ECX
   139 000000D5 8B 5D 08                        	MOV	EBX,DWORD [8+EBP]
   140 000000D8 8B 7D 0C                        	MOV	EDI,DWORD [12+EBP]
   141 000000DB 8B 75 10                        	MOV	ESI,DWORD [16+EBP]
   142 000000DE E8 [00000000]                   	CALL	_io_load_eflags
   143 000000E3 89 45 F0                        	MOV	DWORD [-16+EBP],EAX
   144 000000E6 E8 [00000000]                   	CALL	_io_cli
   145 000000EB 53                              	PUSH	EBX
   146 000000EC 68 000003C8                     	PUSH	968
   147 000000F1 E8 [00000000]                   	CALL	_io_out8
   148 000000F6 39 FB                           	CMP	EBX,EDI
   149 000000F8 58                              	POP	EAX
   150 000000F9 5A                              	POP	EDX
   151 000000FA 7E 12                           	JLE	L28
   152 000000FC                                 L30:
   153 000000FC 8B 45 F0                        	MOV	EAX,DWORD [-16+EBP]
   154 000000FF 89 45 08                        	MOV	DWORD [8+EBP],EAX
   155 00000102 8D 65 F4                        	LEA	ESP,DWORD [-12+EBP]
   156 00000105 5B                              	POP	EBX
   157 00000106 5E                              	POP	ESI
   158 00000107 5F                              	POP	EDI
   159 00000108 5D                              	POP	EBP
   160 00000109 E9 [00000000]                   	JMP	_io_store_eflags
   161 0000010E                                 L28:
   162 0000010E 8A 06                           	MOV	AL,BYTE [ESI]
   163 00000110 43                              	INC	EBX
   164 00000111 C0 E8 02                        	SHR	AL,2
   165 00000114 0F B6 C0                        	MOVZX	EAX,AL
   166 00000117 50                              	PUSH	EAX
   167 00000118 68 000003C9                     	PUSH	969
   168 0000011D E8 [00000000]                   	CALL	_io_out8
   169 00000122 8A 46 01                        	MOV	AL,BYTE [1+ESI]
   170 00000125 C0 E8 02                        	SHR	AL,2
   171 00000128 0F B6 C0                        	MOVZX	EAX,AL
   172 0000012B 50                              	PUSH	EAX
   173 0000012C 68 000003C9                     	PUSH	969
   174 00000131 E8 [00000000]                   	CALL	_io_out8
   175 00000136 8A 46 02                        	MOV	AL,BYTE [2+ESI]
   176 00000139 C0 E8 02                        	SHR	AL,2
   177 0000013C 83 C6 03                        	ADD	ESI,3
   178 0000013F 0F B6 C0                        	MOVZX	EAX,AL
   179 00000142 50                              	PUSH	EAX
   180 00000143 68 000003C9                     	PUSH	969
   181 00000148 E8 [00000000]                   	CALL	_io_out8
   182 0000014D 83 C4 18                        	ADD	ESP,24
   183 00000150 39 FB                           	CMP	EBX,EDI
   184 00000152 7E BA                           	JLE	L28
   185 00000154 EB A6                           	JMP	L30
   186 00000156                                 	GLOBAL	_boxfill8
   187 00000156                                 _boxfill8:
   188 00000156 55                              	PUSH	EBP
   189 00000157 89 E5                           	MOV	EBP,ESP
   190 00000159 57                              	PUSH	EDI
   191 0000015A 56                              	PUSH	ESI
   192 0000015B 53                              	PUSH	EBX
   193 0000015C 56                              	PUSH	ESI
   194 0000015D 8B 4D 18                        	MOV	ECX,DWORD [24+EBP]
   195 00000160 8B 7D 1C                        	MOV	EDI,DWORD [28+EBP]
   196 00000163 3B 4D 20                        	CMP	ECX,DWORD [32+EBP]
   197 00000166 7F 31                           	JG	L43
   198 00000168 8B 5D 0C                        	MOV	EBX,DWORD [12+EBP]
   199 0000016B 0F AF D9                        	IMUL	EBX,ECX
   200 0000016E                                 L41:
   201 0000016E 8B 55 14                        	MOV	EDX,DWORD [20+EBP]
   202 00000171 39 FA                           	CMP	EDX,EDI
   203 00000173 7F 1B                           	JG	L45
   204 00000175 8B 45 08                        	MOV	EAX,DWORD [8+EBP]
   205 00000178 01 D8                           	ADD	EAX,EBX
   206 0000017A 01 D0                           	ADD	EAX,EDX
   207 0000017C 89 45 F0                        	MOV	DWORD [-16+EBP],EAX
   208 0000017F                                 L40:
   209 0000017F 8B 75 F0                        	MOV	ESI,DWORD [-16+EBP]
   210 00000182 8A 45 10                        	MOV	AL,BYTE [16+EBP]
   211 00000185 42                              	INC	EDX
   212 00000186 88 06                           	MOV	BYTE [ESI],AL
   213 00000188 46                              	INC	ESI
   214 00000189 89 75 F0                        	MOV	DWORD [-16+EBP],ESI
   215 0000018C 39 FA                           	CMP	EDX,EDI
   216 0000018E 7E EF                           	JLE	L40
   217 00000190                                 L45:
   218 00000190 41                              	INC	ECX
   219 00000191 03 5D 0C                        	ADD	EBX,DWORD [12+EBP]
   220 00000194 3B 4D 20                        	CMP	ECX,DWORD [32+EBP]
   221 00000197 7E D5                           	JLE	L41
   222 00000199                                 L43:
   223 00000199 5B                              	POP	EBX
   224 0000019A 5B                              	POP	EBX
   225 0000019B 5E                              	POP	ESI
   226 0000019C 5F                              	POP	EDI
   227 0000019D 5D                              	POP	EBP
   228 0000019E C3                              	RET
   229 0000019F                                 	GLOBAL	_boxfill8_tp75
   230 0000019F                                 _boxfill8_tp75:
   231 0000019F 55                              	PUSH	EBP
   232 000001A0 89 E5                           	MOV	EBP,ESP
   233 000001A2 57                              	PUSH	EDI
   234 000001A3 56                              	PUSH	ESI
   235 000001A4 53                              	PUSH	EBX
   236 000001A5 83 EC 0C                        	SUB	ESP,12
   237 000001A8 8A 45 10                        	MOV	AL,BYTE [16+EBP]
   238 000001AB 8B 4D 18                        	MOV	ECX,DWORD [24+EBP]
   239 000001AE 8B 7D 0C                        	MOV	EDI,DWORD [12+EBP]
   240 000001B1 88 45 F3                        	MOV	BYTE [-13+EBP],AL
   241 000001B4 3B 4D 20                        	CMP	ECX,DWORD [32+EBP]
   242 000001B7 7F 51                           	JG	L60
   243 000001B9 89 CB                           	MOV	EBX,ECX
   244 000001BB 0F AF DF                        	IMUL	EBX,EDI
   245 000001BE 89 5D E8                        	MOV	DWORD [-24+EBP],EBX
   246 000001C1                                 L58:
   247 000001C1 8B 55 14                        	MOV	EDX,DWORD [20+EBP]
   248 000001C4 3B 55 1C                        	CMP	EDX,DWORD [28+EBP]
   249 000001C7 7F 2C                           	JG	L62
   250 000001C9 8B 75 08                        	MOV	ESI,DWORD [8+EBP]
   251 000001CC 03 75 E8                        	ADD	ESI,DWORD [-24+EBP]
   252 000001CF 01 D6                           	ADD	ESI,EDX
   253 000001D1 89 75 EC                        	MOV	DWORD [-20+EBP],ESI
   254 000001D4                                 L57:
   255 000001D4 F7 C2 00000001                  	TEST	EDX,1
   256 000001DA 74 08                           	JE	L56
   257 000001DC F7 C1 00000001                  	TEST	ECX,1
   258 000001E2 75 08                           	JNE	L53
   259 000001E4                                 L56:
   260 000001E4 8B 75 EC                        	MOV	ESI,DWORD [-20+EBP]
   261 000001E7 8A 45 F3                        	MOV	AL,BYTE [-13+EBP]
   262 000001EA 88 06                           	MOV	BYTE [ESI],AL
   263 000001EC                                 L53:
   264 000001EC 42                              	INC	EDX
   265 000001ED FF 45 EC                        	INC	DWORD [-20+EBP]
   266 000001F0 3B 55 1C                        	CMP	EDX,DWORD [28+EBP]
   267 000001F3 7E DF                           	JLE	L57
   268 000001F5                                 L62:
   269 000001F5 8D 04 1A                        	LEA	EAX,DWORD [EDX+EBX*1]
   270 000001F8 41                              	INC	ECX
   271 000001F9 8B 55 08                        	MOV	EDX,DWORD [8+EBP]
   272 000001FC 01 FB                           	ADD	EBX,EDI
   273 000001FE 80 04 10 02                     	ADD	BYTE [EAX+EDX*1],2
   274 00000202 01 7D E8                        	ADD	DWORD [-24+EBP],EDI
   275 00000205 3B 4D 20                        	CMP	ECX,DWORD [32+EBP]
   276 00000208 7E B7                           	JLE	L58
   277 0000020A                                 L60:
   278 0000020A 83 C4 0C                        	ADD	ESP,12
   279 0000020D 5B                              	POP	EBX
   280 0000020E 5E                              	POP	ESI
   281 0000020F 5F                              	POP	EDI
   282 00000210 5D                              	POP	EBP
   283 00000211 C3                              	RET
   284 00000212                                 	GLOBAL	_boxfill8_tp50
   285 00000212                                 _boxfill8_tp50:
   286 00000212 55                              	PUSH	EBP
   287 00000213 89 E5                           	MOV	EBP,ESP
   288 00000215 57                              	PUSH	EDI
   289 00000216 56                              	PUSH	ESI
   290 00000217 53                              	PUSH	EBX
   291 00000218 83 EC 10                        	SUB	ESP,16
   292 0000021B 8A 45 10                        	MOV	AL,BYTE [16+EBP]
   293 0000021E 8B 5D 18                        	MOV	EBX,DWORD [24+EBP]
   294 00000221 88 45 F3                        	MOV	BYTE [-13+EBP],AL
   295 00000224 3B 5D 20                        	CMP	EBX,DWORD [32+EBP]
   296 00000227 7F 67                           	JG	L78
   297 00000229 8B 7D 0C                        	MOV	EDI,DWORD [12+EBP]
   298 0000022C 0F AF FB                        	IMUL	EDI,EBX
   299 0000022F 89 FE                           	MOV	ESI,EDI
   300 00000231 89 7D EC                        	MOV	DWORD [-20+EBP],EDI
   301 00000234                                 L76:
   302 00000234 8B 55 14                        	MOV	EDX,DWORD [20+EBP]
   303 00000237 3B 55 1C                        	CMP	EDX,DWORD [28+EBP]
   304 0000023A 7F 3A                           	JG	L80
   305 0000023C 8B 45 EC                        	MOV	EAX,DWORD [-20+EBP]
   306 0000023F 8B 4D 08                        	MOV	ECX,DWORD [8+EBP]
   307 00000242 03 45 08                        	ADD	EAX,DWORD [8+EBP]
   308 00000245 01 F1                           	ADD	ECX,ESI
   309 00000247 01 D1                           	ADD	ECX,EDX
   310 00000249 89 4D E8                        	MOV	DWORD [-24+EBP],ECX
   311 0000024C 8D 04 10                        	LEA	EAX,DWORD [EAX+EDX*1]
   312 0000024F 89 45 E4                        	MOV	DWORD [-28+EBP],EAX
   313 00000252                                 L75:
   314 00000252 F7 C2 00000001                  	TEST	EDX,1
   315 00000258 74 08                           	JE	L73
   316 0000025A F7 C3 00000001                  	TEST	EBX,1
   317 00000260 75 36                           	JNE	L72
   318 00000262                                 L73:
   319 00000262 8B 4D E8                        	MOV	ECX,DWORD [-24+EBP]
   320 00000265 8A 45 F3                        	MOV	AL,BYTE [-13+EBP]
   321 00000268 88 01                           	MOV	BYTE [ECX],AL
   322 0000026A                                 L70:
   323 0000026A 42                              	INC	EDX
   324 0000026B FF 45 E4                        	INC	DWORD [-28+EBP]
   325 0000026E FF 45 E8                        	INC	DWORD [-24+EBP]
   326 00000271 3B 55 1C                        	CMP	EDX,DWORD [28+EBP]
   327 00000274 7E DC                           	JLE	L75
   328 00000276                                 L80:
   329 00000276 8D 04 3A                        	LEA	EAX,DWORD [EDX+EDI*1]
   330 00000279 43                              	INC	EBX
   331 0000027A 8B 55 08                        	MOV	EDX,DWORD [8+EBP]
   332 0000027D FE 04 10                        	INC	BYTE [EAX+EDX*1]
   333 00000280 8B 4D 0C                        	MOV	ECX,DWORD [12+EBP]
   334 00000283 03 7D 0C                        	ADD	EDI,DWORD [12+EBP]
   335 00000286 01 4D EC                        	ADD	DWORD [-20+EBP],ECX
   336 00000289 01 CE                           	ADD	ESI,ECX
   337 0000028B 3B 5D 20                        	CMP	EBX,DWORD [32+EBP]
   338 0000028E 7E A4                           	JLE	L76
   339 00000290                                 L78:
   340 00000290 83 C4 10                        	ADD	ESP,16
   341 00000293 5B                              	POP	EBX
   342 00000294 5E                              	POP	ESI
   343 00000295 5F                              	POP	EDI
   344 00000296 5D                              	POP	EBP
   345 00000297 C3                              	RET
   346 00000298                                 L72:
   347 00000298 8B 45 E4                        	MOV	EAX,DWORD [-28+EBP]
   348 0000029B C6 00 FF                        	MOV	BYTE [EAX],-1
   349 0000029E EB CA                           	JMP	L70
   350 000002A0                                 	GLOBAL	_put_dot
   351 000002A0                                 _put_dot:
   352 000002A0 55                              	PUSH	EBP
   353 000002A1 89 E5                           	MOV	EBP,ESP
   354 000002A3 8B 45 18                        	MOV	EAX,DWORD [24+EBP]
   355 000002A6 8B 55 08                        	MOV	EDX,DWORD [8+EBP]
   356 000002A9 0F AF 45 0C                     	IMUL	EAX,DWORD [12+EBP]
   357 000002AD 03 45 14                        	ADD	EAX,DWORD [20+EBP]
   358 000002B0 8B 4D 10                        	MOV	ECX,DWORD [16+EBP]
   359 000002B3 88 0C 10                        	MOV	BYTE [EAX+EDX*1],CL
   360 000002B6 5D                              	POP	EBP
   361 000002B7 C3                              	RET
   362 000002B8                                 	GLOBAL	_putfont8
   363 000002B8                                 _putfont8:
   364 000002B8 55                              	PUSH	EBP
   365 000002B9 89 E5                           	MOV	EBP,ESP
   366 000002BB 57                              	PUSH	EDI
   367 000002BC 56                              	PUSH	ESI
   368 000002BD 31 F6                           	XOR	ESI,ESI
   369 000002BF 53                              	PUSH	EBX
   370 000002C0 8B 7D 1C                        	MOV	EDI,DWORD [28+EBP]
   371 000002C3 8A 5D 18                        	MOV	BL,BYTE [24+EBP]
   372 000002C6                                 L95:
   373 000002C6 8B 45 14                        	MOV	EAX,DWORD [20+EBP]
   374 000002C9 8B 55 10                        	MOV	EDX,DWORD [16+EBP]
   375 000002CC 01 F0                           	ADD	EAX,ESI
   376 000002CE 0F AF 45 0C                     	IMUL	EAX,DWORD [12+EBP]
   377 000002D2 03 45 08                        	ADD	EAX,DWORD [8+EBP]
   378 000002D5 8D 0C 02                        	LEA	ECX,DWORD [EDX+EAX*1]
   379 000002D8 8A 14 3E                        	MOV	DL,BYTE [ESI+EDI*1]
   380 000002DB 84 D2                           	TEST	DL,DL
   381 000002DD 79 02                           	JNS	L87
   382 000002DF 88 19                           	MOV	BYTE [ECX],BL
   383 000002E1                                 L87:
   384 000002E1 88 D0                           	MOV	AL,DL
   385 000002E3 83 E0 40                        	AND	EAX,64
   386 000002E6 84 C0                           	TEST	AL,AL
   387 000002E8 74 03                           	JE	L88
   388 000002EA 88 59 01                        	MOV	BYTE [1+ECX],BL
   389 000002ED                                 L88:
   390 000002ED 88 D0                           	MOV	AL,DL
   391 000002EF 83 E0 20                        	AND	EAX,32
   392 000002F2 84 C0                           	TEST	AL,AL
   393 000002F4 74 03                           	JE	L89
   394 000002F6 88 59 02                        	MOV	BYTE [2+ECX],BL
   395 000002F9                                 L89:
   396 000002F9 88 D0                           	MOV	AL,DL
   397 000002FB 83 E0 10                        	AND	EAX,16
   398 000002FE 84 C0                           	TEST	AL,AL
   399 00000300 74 03                           	JE	L90
   400 00000302 88 59 03                        	MOV	BYTE [3+ECX],BL
   401 00000305                                 L90:
   402 00000305 88 D0                           	MOV	AL,DL
   403 00000307 83 E0 08                        	AND	EAX,8
   404 0000030A 84 C0                           	TEST	AL,AL
   405 0000030C 74 03                           	JE	L91
   406 0000030E 88 59 04                        	MOV	BYTE [4+ECX],BL
   407 00000311                                 L91:
   408 00000311 88 D0                           	MOV	AL,DL
   409 00000313 83 E0 04                        	AND	EAX,4
   410 00000316 84 C0                           	TEST	AL,AL
   411 00000318 74 03                           	JE	L92
   412 0000031A 88 59 05                        	MOV	BYTE [5+ECX],BL
   413 0000031D                                 L92:
   414 0000031D 88 D0                           	MOV	AL,DL
   415 0000031F 83 E0 02                        	AND	EAX,2
   416 00000322 84 C0                           	TEST	AL,AL
   417 00000324 74 03                           	JE	L93
   418 00000326 88 59 06                        	MOV	BYTE [6+ECX],BL
   419 00000329                                 L93:
   420 00000329 83 E2 01                        	AND	EDX,1
   421 0000032C 84 D2                           	TEST	DL,DL
   422 0000032E 74 03                           	JE	L85
   423 00000330 88 59 07                        	MOV	BYTE [7+ECX],BL
   424 00000333                                 L85:
   425 00000333 46                              	INC	ESI
   426 00000334 83 FE 0F                        	CMP	ESI,15
   427 00000337 7E 8D                           	JLE	L95
   428 00000339 5B                              	POP	EBX
   429 0000033A 5E                              	POP	ESI
   430 0000033B 5F                              	POP	EDI
   431 0000033C 5D                              	POP	EBP
   432 0000033D C3                              	RET
   433                                          [SECTION .data]
   434 00000030                                 _cursor.1:
   435 00000030 2A 2E 2E 2E 2E 2E 2E 2E 2E 2E   	DB	"*..............."
       0000003A 2E 2E 2E 2E 2E 2E 
   436 00000040 2A 4F 2A 2E 2E 2E 2E 2E 2E 2E   	DB	"*O*............."
       0000004A 2E 2E 2E 2E 2E 2E 
   437 00000050 2A 4F 4F 2A 2E 2E 2E 2E 2E 2E   	DB	"*OO*............"
       0000005A 2E 2E 2E 2E 2E 2E 
   438 00000060 2A 4F 4F 4F 2A 2E 2E 2E 2E 2E   	DB	"*OOO*..........."
       0000006A 2E 2E 2E 2E 2E 2E 
   439 00000070 2A 4F 4F 4F 4F 2A 2E 2E 2E 2E   	DB	"*OOOO*.........."
       0000007A 2E 2E 2E 2E 2E 2E 
   440 00000080 2A 4F 4F 4F 4F 4F 2A 2E 2E 2E   	DB	"*OOOOO*........."
       0000008A 2E 2E 2E 2E 2E 2E 
   441 00000090 2A 4F 4F 4F 4F 4F 4F 2A 2E 2E   	DB	"*OOOOOO*........"
       0000009A 2E 2E 2E 2E 2E 2E 
   442 000000A0 2A 4F 4F 4F 4F 4F 4F 4F 2A 2E   	DB	"*OOOOOOO*......."
       000000AA 2E 2E 2E 2E 2E 2E 
   443 000000B0 2A 4F 4F 4F 4F 4F 4F 4F 4F 2A   	DB	"*OOOOOOOO*......"
       000000BA 2E 2E 2E 2E 2E 2E 
   444 000000C0 2A 4F 4F 4F 4F 4F 4F 4F 4F 4F   	DB	"*OOOOOOOOO*....."
       000000CA 2A 2E 2E 2E 2E 2E 
   445 000000D0 2A 4F 4F 4F 4F 4F 4F 4F 4F 4F   	DB	"*OOOOOOOOOO*...."
       000000DA 4F 2A 2E 2E 2E 2E 
   446 000000E0 2A 4F 4F 4F 4F 4F 4F 4F 4F 4F   	DB	"*OOOOOOOOOOO*..."
       000000EA 4F 4F 2A 2E 2E 2E 
   447 000000F0 2A 4F 4F 4F 4F 4F 4F 4F 4F 4F   	DB	"*OOOOOOOOO****.."
       000000FA 2A 2A 2A 2A 2E 2E 
   448 00000100 2A 4F 4F 4F 4F 4F 2A 2A 2A 2E   	DB	"*OOOOO***......."
       0000010A 2E 2E 2E 2E 2E 2E 
   449 00000110 2A 4F 4F 2A 2A 2A 2E 2E 2E 2E   	DB	"*OO***.........."
       0000011A 2E 2E 2E 2E 2E 2E 
   450 00000120 2A 2A 2A 2E 2E 2E 2E 2E 2E 2E   	DB	"***............."
       0000012A 2E 2E 2E 2E 2E 2E 
   451                                          [SECTION .text]
   452 0000033E                                 	GLOBAL	_init_mouse_cursor8
   453 0000033E                                 _init_mouse_cursor8:
   454 0000033E 55                              	PUSH	EBP
   455 0000033F 31 C9                           	XOR	ECX,ECX
   456 00000341 89 E5                           	MOV	EBP,ESP
   457 00000343 56                              	PUSH	ESI
   458 00000344 53                              	PUSH	EBX
   459 00000345 31 F6                           	XOR	ESI,ESI
   460 00000347 8B 5D 08                        	MOV	EBX,DWORD [8+EBP]
   461 0000034A                                 L111:
   462 0000034A 31 D2                           	XOR	EDX,EDX
   463 0000034C                                 L110:
   464 0000034C 8D 04 0A                        	LEA	EAX,DWORD [EDX+ECX*1]
   465 0000034F 80 B8 [00000030] 2A             	CMP	BYTE [_cursor.1+EAX],42
   466 00000356 74 31                           	JE	L116
   467 00000358                                 L107:
   468 00000358 80 B8 [00000030] 4F             	CMP	BYTE [_cursor.1+EAX],79
   469 0000035F 74 22                           	JE	L117
   470 00000361                                 L108:
   471 00000361 80 B8 [00000030] 2E             	CMP	BYTE [_cursor.1+EAX],46
   472 00000368 74 13                           	JE	L118
   473 0000036A                                 L105:
   474 0000036A 42                              	INC	EDX
   475 0000036B 83 FA 0F                        	CMP	EDX,15
   476 0000036E 7E DC                           	JLE	L110
   477 00000370 46                              	INC	ESI
   478 00000371 83 C1 10                        	ADD	ECX,16
   479 00000374 83 FE 0F                        	CMP	ESI,15
   480 00000377 7E D1                           	JLE	L111
   481 00000379 5B                              	POP	EBX
   482 0000037A 5E                              	POP	ESI
   483 0000037B 5D                              	POP	EBP
   484 0000037C C3                              	RET
   485 0000037D                                 L118:
   486 0000037D C6 04 18 FF                     	MOV	BYTE [EAX+EBX*1],-1
   487 00000381 EB E7                           	JMP	L105
   488 00000383                                 L117:
   489 00000383 C6 04 18 07                     	MOV	BYTE [EAX+EBX*1],7
   490 00000387 EB D8                           	JMP	L108
   491 00000389                                 L116:
   492 00000389 C6 04 18 00                     	MOV	BYTE [EAX+EBX*1],0
   493 0000038D EB C9                           	JMP	L107
   494 0000038F                                 	GLOBAL	_putblock8_8
   495 0000038F                                 _putblock8_8:
   496 0000038F 55                              	PUSH	EBP
   497 00000390 89 E5                           	MOV	EBP,ESP
   498 00000392 57                              	PUSH	EDI
   499 00000393 56                              	PUSH	ESI
   500 00000394 31 F6                           	XOR	ESI,ESI
   501 00000396 53                              	PUSH	EBX
   502 00000397 83 EC 0C                        	SUB	ESP,12
   503 0000039A 3B 75 14                        	CMP	ESI,DWORD [20+EBP]
   504 0000039D 7D 3E                           	JGE	L131
   505 0000039F 31 FF                           	XOR	EDI,EDI
   506 000003A1                                 L129:
   507 000003A1 31 DB                           	XOR	EBX,EBX
   508 000003A3 3B 5D 10                        	CMP	EBX,DWORD [16+EBP]
   509 000003A6 7D 2C                           	JGE	L133
   510 000003A8 8B 45 20                        	MOV	EAX,DWORD [32+EBP]
   511 000003AB 01 F8                           	ADD	EAX,EDI
   512 000003AD 89 45 EC                        	MOV	DWORD [-20+EBP],EAX
   513 000003B0                                 L128:
   514 000003B0 8B 45 1C                        	MOV	EAX,DWORD [28+EBP]
   515 000003B3 8B 55 18                        	MOV	EDX,DWORD [24+EBP]
   516 000003B6 01 F0                           	ADD	EAX,ESI
   517 000003B8 01 DA                           	ADD	EDX,EBX
   518 000003BA 0F AF 45 0C                     	IMUL	EAX,DWORD [12+EBP]
   519 000003BE 01 D0                           	ADD	EAX,EDX
   520 000003C0 8B 4D 08                        	MOV	ECX,DWORD [8+EBP]
   521 000003C3 8B 55 EC                        	MOV	EDX,DWORD [-20+EBP]
   522 000003C6 43                              	INC	EBX
   523 000003C7 8A 12                           	MOV	DL,BYTE [EDX]
   524 000003C9 88 14 08                        	MOV	BYTE [EAX+ECX*1],DL
   525 000003CC FF 45 EC                        	INC	DWORD [-20+EBP]
   526 000003CF 3B 5D 10                        	CMP	EBX,DWORD [16+EBP]
   527 000003D2 7C DC                           	JL	L128
   528 000003D4                                 L133:
   529 000003D4 46                              	INC	ESI
   530 000003D5 03 7D 24                        	ADD	EDI,DWORD [36+EBP]
   531 000003D8 3B 75 14                        	CMP	ESI,DWORD [20+EBP]
   532 000003DB 7C C4                           	JL	L129
   533 000003DD                                 L131:
   534 000003DD 83 C4 0C                        	ADD	ESP,12
   535 000003E0 5B                              	POP	EBX
   536 000003E1 5E                              	POP	ESI
   537 000003E2 5F                              	POP	EDI
   538 000003E3 5D                              	POP	EBP
   539 000003E4 C3                              	RET
   540                                          [SECTION .data]
   541 00000130                                 _logo.2:
   542 00000130 2A 2A 2A 2A 2A 2A 2A 2A 2A 2A   	DB	"************......................**********"
       0000013A 2A 2A 2E 2E 2E 2E 2E 2E 2E 2E 
       00000144 2E 2E 2E 2E 2E 2E 2E 2E 2E 2E 
       0000014E 2E 2E 2E 2E 2A 2A 2A 2A 2A 2A 
       00000158 2A 2A 2A 2A 
   543 0000015C 2E 2A 2A 2A 2A 2A 2A 2A 2A 2A   	DB	".**************..................**********."
       00000166 2A 2A 2A 2A 2A 2E 2E 2E 2E 2E 
       00000170 2E 2E 2E 2E 2E 2E 2E 2E 2E 2E 
       0000017A 2E 2E 2E 2A 2A 2A 2A 2A 2A 2A 
       00000184 2A 2A 2A 2E 
   544 00000188 2E 2E 2E 2E 2E 2A 2A 2A 2A 2A   	DB	".....************...............**********.."
       00000192 2A 2A 2A 2A 2A 2A 2A 2E 2E 2E 
       0000019C 2E 2E 2E 2E 2E 2E 2E 2E 2E 2E 
       000001A6 2E 2E 2A 2A 2A 2A 2A 2A 2A 2A 
       000001B0 2A 2A 2E 2E 
   545 000001B4 2E 2E 2E 2E 2E 2E 2E 2E 2A 2A   	DB	"........***********...........*********....."
       000001BE 2A 2A 2A 2A 2A 2A 2A 2A 2A 2E 
       000001C8 2E 2E 2E 2E 2E 2E 2E 2E 2E 2E 
       000001D2 2A 2A 2A 2A 2A 2A 2A 2A 2A 2E 
       000001DC 2E 2E 2E 2E 
   546 000001E0 2E 2E 2E 2E 2E 2E 2E 2E 2E 2E   	DB	"............********.......***********......"
       000001EA 2E 2E 2A 2A 2A 2A 2A 2A 2A 2A 
       000001F4 2E 2E 2E 2E 2E 2E 2E 2A 2A 2A 
       000001FE 2A 2A 2A 2A 2A 2A 2A 2A 2E 2E 
       00000208 2E 2E 2E 2E 
   547 0000020C 2E 2E 2E 2E 2E 2E 2E 2E 2E 2E   	DB	".............*********..*********..........."
       00000216 2E 2E 2E 2A 2A 2A 2A 2A 2A 2A 
       00000220 2A 2A 2E 2E 2A 2A 2A 2A 2A 2A 
       0000022A 2A 2A 2A 2E 2E 2E 2E 2E 2E 2E 
       00000234 2E 2E 2E 2E 
   548 00000238 2E 2E 2E 2E 2E 2E 2E 2E 2E 2E   	DB	"...............**************..............."
       00000242 2E 2E 2E 2E 2E 2A 2A 2A 2A 2A 
       0000024C 2A 2A 2A 2A 2A 2A 2A 2A 2A 2E 
       00000256 2E 2E 2E 2E 2E 2E 2E 2E 2E 2E 
       00000260 2E 2E 2E 2E 
   549 00000264 2E 2E 2E 2E 2E 2E 2E 2E 2E 2E   	DB	"...........*********..*********............."
       0000026E 2E 2A 2A 2A 2A 2A 2A 2A 2A 2A 
       00000278 2E 2E 2A 2A 2A 2A 2A 2A 2A 2A 
       00000282 2A 2E 2E 2E 2E 2E 2E 2E 2E 2E 
       0000028C 2E 2E 2E 2E 
   550 00000290 2E 2E 2E 2E 2E 2E 2E 2A 2A 2A   	DB	".......***********......*********..........."
       0000029A 2A 2A 2A 2A 2A 2A 2A 2A 2E 2E 
       000002A4 2E 2E 2E 2E 2A 2A 2A 2A 2A 2A 
       000002AE 2A 2A 2A 2E 2E 2E 2E 2E 2E 2E 
       000002B8 2E 2E 2E 2E 
   551 000002BC 2E 2E 2E 2E 2A 2A 2A 2A 2A 2A   	DB	"....**********...........***********........"
       000002C6 2A 2A 2A 2A 2E 2E 2E 2E 2E 2E 
       000002D0 2E 2E 2E 2E 2E 2A 2A 2A 2A 2A 
       000002DA 2A 2A 2A 2A 2A 2A 2E 2E 2E 2E 
       000002E4 2E 2E 2E 2E 
   552 000002E8 2E 2E 2A 2A 2A 2A 2A 2A 2A 2A   	DB	"..**********..............*************....."
       000002F2 2A 2A 2E 2E 2E 2E 2E 2E 2E 2E 
       000002FC 2E 2E 2E 2E 2E 2E 2A 2A 2A 2A 
       00000306 2A 2A 2A 2A 2A 2A 2A 2A 2A 2E 
       00000310 2E 2E 2E 2E 
   553 00000314 2E 2A 2A 2A 2A 2A 2A 2A 2A 2A   	DB	".**********.................***************."
       0000031E 2A 2E 2E 2E 2E 2E 2E 2E 2E 2E 
       00000328 2E 2E 2E 2E 2E 2E 2E 2E 2A 2A 
       00000332 2A 2A 2A 2A 2A 2A 2A 2A 2A 2A 
       0000033C 2A 2A 2A 2E 
   554 00000340 2A 2A 2A 2A 2A 2A 2A 2A 2A 2A   	DB	"**********.....................*************"
       0000034A 2E 2E 2E 2E 2E 2E 2E 2E 2E 2E 
       00000354 2E 2E 2E 2E 2E 2E 2E 2E 2E 2E 
       0000035E 2E 2A 2A 2A 2A 2A 2A 2A 2A 2A 
       00000368 2A 2A 2A 2A 
   555 0000036C                                 LC0:
   556 0000036C 62 67 32 2E 6A 70 67 00         	DB	"bg2.jpg",0x00
   557                                          [SECTION .text]
   558 000003E5                                 	GLOBAL	_init_screen8
   559 000003E5                                 _init_screen8:
   560 000003E5 55                              	PUSH	EBP
   561 000003E6 89 E5                           	MOV	EBP,ESP
   562 000003E8 57                              	PUSH	EDI
   563 000003E9 56                              	PUSH	ESI
   564 000003EA 53                              	PUSH	EBX
   565 000003EB 83 EC 70                        	SUB	ESP,112
   566 000003EE 68 00002D00                     	PUSH	11520
   567 000003F3 FF 75 08                        	PUSH	DWORD [8+EBP]
   568 000003F6 E8 [00000000]                   	CALL	_memman_alloc_4k
   569 000003FB 68 00100200                     	PUSH	1049088
   570 00000400 89 C6                           	MOV	ESI,EAX
   571 00000402 50                              	PUSH	EAX
   572 00000403 E8 [00000000]                   	CALL	_file_readfat
   573 00000408 68 00300000                     	PUSH	3145728
   574 0000040D FF 75 08                        	PUSH	DWORD [8+EBP]
   575 00000410 E8 [00000000]                   	CALL	_memman_alloc_4k
   576 00000415 68 00010000                     	PUSH	65536
   577 0000041A FF 75 08                        	PUSH	DWORD [8+EBP]
   578 0000041D 89 45 A4                        	MOV	DWORD [-92+EBP],EAX
   579 00000420 E8 [00000000]                   	CALL	_memman_alloc_4k
   580 00000425 83 C4 20                        	ADD	ESP,32
   581 00000428 89 45 B0                        	MOV	DWORD [-80+EBP],EAX
   582 0000042B 68 000C0000                     	PUSH	786432
   583 00000430 FF 75 08                        	PUSH	DWORD [8+EBP]
   584 00000433 E8 [00000000]                   	CALL	_memman_alloc_4k
   585 00000438 68 000000E0                     	PUSH	224
   586 0000043D 68 00102600                     	PUSH	1058304
   587 00000442 68 [0000036C]                   	PUSH	LC0
   588 00000447 89 45 AC                        	MOV	DWORD [-84+EBP],EAX
   589 0000044A E8 [00000000]                   	CALL	_file_search
   590 0000044F 83 C4 14                        	ADD	ESP,20
   591 00000452 89 C3                           	MOV	EBX,EAX
   592 00000454 85 C0                           	TEST	EAX,EAX
   593 00000456 0F 84 00000248                  	JE	L191
   594 0000045C 68 00103E00                     	PUSH	1064448
   595 00000461 31 FF                           	XOR	EDI,EDI
   596 00000463 56                              	PUSH	ESI
   597 00000464 FF 75 AC                        	PUSH	DWORD [-84+EBP]
   598 00000467 FF 70 1C                        	PUSH	DWORD [28+EAX]
   599 0000046A 0F B7 40 1A                     	MOVZX	EAX,WORD [26+EAX]
   600 0000046E 50                              	PUSH	EAX
   601 0000046F E8 [00000000]                   	CALL	_file_loadfile
   602 00000474 8D 45 B4                        	LEA	EAX,DWORD [-76+EBP]
   603 00000477 FF 75 AC                        	PUSH	DWORD [-84+EBP]
   604 0000047A FF 73 1C                        	PUSH	DWORD [28+EBX]
   605 0000047D 50                              	PUSH	EAX
   606 0000047E FF 75 B0                        	PUSH	DWORD [-80+EBP]
   607 00000481 E8 [00000000]                   	CALL	_info_JPEG
   608 00000486 83 C4 24                        	ADD	ESP,36
   609 00000489 6A 00                           	PUSH	0
   610 0000048B FF 75 A4                        	PUSH	DWORD [-92+EBP]
   611 0000048E 6A 04                           	PUSH	4
   612 00000490 FF 75 AC                        	PUSH	DWORD [-84+EBP]
   613 00000493 FF 73 1C                        	PUSH	DWORD [28+EBX]
   614 00000496 FF 75 B0                        	PUSH	DWORD [-80+EBP]
   615 00000499 E8 [00000000]                   	CALL	_decode0_JPEG
   616 0000049E 83 C4 18                        	ADD	ESP,24
   617 000004A1 C7 45 A8 00000000               	MOV	DWORD [-88+EBP],0
   618 000004A8 3B 7D C0                        	CMP	EDI,DWORD [-64+EBP]
   619 000004AB 7D 2A                           	JGE	L185
   620 000004AD 8B 7D 0C                        	MOV	EDI,DWORD [12+EBP]
   621 000004B0                                 L165:
   622 000004B0 8B 55 BC                        	MOV	EDX,DWORD [-68+EBP]
   623 000004B3 8B 45 A8                        	MOV	EAX,DWORD [-88+EBP]
   624 000004B6 0F AF C2                        	IMUL	EAX,EDX
   625 000004B9 8B 4D A4                        	MOV	ECX,DWORD [-92+EBP]
   626 000004BC 31 DB                           	XOR	EBX,EBX
   627 000004BE 39 D3                           	CMP	EBX,EDX
   628 000004C0 8D 34 81                        	LEA	ESI,DWORD [ECX+EAX*4]
   629 000004C3 0F 8C 000001B0                  	JL	L164
   630 000004C9                                 L187:
   631 000004C9 03 7D 10                        	ADD	EDI,DWORD [16+EBP]
   632 000004CC FF 45 A8                        	INC	DWORD [-88+EBP]
   633 000004CF 8B 45 A8                        	MOV	EAX,DWORD [-88+EBP]
   634 000004D2 3B 45 C0                        	CMP	EAX,DWORD [-64+EBP]
   635 000004D5 7C D9                           	JL	L165
   636 000004D7                                 L185:
   637 000004D7 68 00300000                     	PUSH	3145728
   638 000004DC FF 75 A4                        	PUSH	DWORD [-92+EBP]
   639 000004DF FF 75 08                        	PUSH	DWORD [8+EBP]
   640 000004E2 E8 [00000000]                   	CALL	_memman_free_4k
   641 000004E7 68 00010000                     	PUSH	65536
   642 000004EC FF 75 B0                        	PUSH	DWORD [-80+EBP]
   643 000004EF FF 75 08                        	PUSH	DWORD [8+EBP]
   644 000004F2 E8 [00000000]                   	CALL	_memman_free_4k
   645 000004F7 68 000C0000                     	PUSH	786432
   646 000004FC FF 75 AC                        	PUSH	DWORD [-84+EBP]
   647 000004FF FF 75 08                        	PUSH	DWORD [8+EBP]
   648 00000502 E8 [00000000]                   	CALL	_memman_free_4k
   649 00000507 8B 45 10                        	MOV	EAX,DWORD [16+EBP]
   650 0000050A 83 C4 24                        	ADD	ESP,36
   651 0000050D 8B 4D 14                        	MOV	ECX,DWORD [20+EBP]
   652 00000510 83 E9 03                        	SUB	ECX,3
   653 00000513 83 E8 03                        	SUB	EAX,3
   654 00000516 51                              	PUSH	ECX
   655 00000517 89 4D 98                        	MOV	DWORD [-104+EBP],ECX
   656 0000051A 50                              	PUSH	EAX
   657 0000051B 8B 45 14                        	MOV	EAX,DWORD [20+EBP]
   658 0000051E 83 E8 1A                        	SUB	EAX,26
   659 00000521 50                              	PUSH	EAX
   660 00000522 6A 02                           	PUSH	2
   661 00000524 6A 08                           	PUSH	8
   662 00000526 FF 75 10                        	PUSH	DWORD [16+EBP]
   663 00000529 FF 75 0C                        	PUSH	DWORD [12+EBP]
   664 0000052C E8 FFFFFC25                     	CALL	_boxfill8
   665 00000531 8B 5D 10                        	MOV	EBX,DWORD [16+EBP]
   666 00000534 8B 7D 14                        	MOV	EDI,DWORD [20+EBP]
   667 00000537 8B 45 10                        	MOV	EAX,DWORD [16+EBP]
   668 0000053A 83 EF 18                        	SUB	EDI,24
   669 0000053D 83 E8 05                        	SUB	EAX,5
   670 00000540 57                              	PUSH	EDI
   671 00000541 81 EB 0000009A                  	SUB	EBX,154
   672 00000547 50                              	PUSH	EAX
   673 00000548 89 45 94                        	MOV	DWORD [-108+EBP],EAX
   674 0000054B 57                              	PUSH	EDI
   675 0000054C 53                              	PUSH	EBX
   676 0000054D 6A 0F                           	PUSH	15
   677 0000054F FF 75 10                        	PUSH	DWORD [16+EBP]
   678 00000552 FF 75 0C                        	PUSH	DWORD [12+EBP]
   679 00000555 E8 FFFFFBFC                     	CALL	_boxfill8
   680 0000055A 8B 4D 14                        	MOV	ECX,DWORD [20+EBP]
   681 0000055D 83 C4 38                        	ADD	ESP,56
   682 00000560 8B 75 14                        	MOV	ESI,DWORD [20+EBP]
   683 00000563 83 EE 04                        	SUB	ESI,4
   684 00000566 83 E9 17                        	SUB	ECX,23
   685 00000569 56                              	PUSH	ESI
   686 0000056A 89 4D 90                        	MOV	DWORD [-112+EBP],ECX
   687 0000056D 53                              	PUSH	EBX
   688 0000056E 51                              	PUSH	ECX
   689 0000056F 53                              	PUSH	EBX
   690 00000570 6A 0F                           	PUSH	15
   691 00000572 FF 75 10                        	PUSH	DWORD [16+EBP]
   692 00000575 FF 75 0C                        	PUSH	DWORD [12+EBP]
   693 00000578 E8 FFFFFBD9                     	CALL	_boxfill8
   694 0000057D 56                              	PUSH	ESI
   695 0000057E FF 75 94                        	PUSH	DWORD [-108+EBP]
   696 00000581 56                              	PUSH	ESI
   697 00000582 53                              	PUSH	EBX
   698 00000583 6A 07                           	PUSH	7
   699 00000585 FF 75 10                        	PUSH	DWORD [16+EBP]
   700 00000588 FF 75 0C                        	PUSH	DWORD [12+EBP]
   701 0000058B E8 FFFFFBC6                     	CALL	_boxfill8
   702 00000590 8B 45 10                        	MOV	EAX,DWORD [16+EBP]
   703 00000593 83 C4 38                        	ADD	ESP,56
   704 00000596 83 E8 04                        	SUB	EAX,4
   705 00000599 FF 75 98                        	PUSH	DWORD [-104+EBP]
   706 0000059C 50                              	PUSH	EAX
   707 0000059D 57                              	PUSH	EDI
   708 0000059E 50                              	PUSH	EAX
   709 0000059F 6A 07                           	PUSH	7
   710 000005A1 FF 75 10                        	PUSH	DWORD [16+EBP]
   711 000005A4 FF 75 0C                        	PUSH	DWORD [12+EBP]
   712 000005A7 E8 FFFFFBAA                     	CALL	_boxfill8
   713 000005AC 57                              	PUSH	EDI
   714 000005AD 6A 3D                           	PUSH	61
   715 000005AF 57                              	PUSH	EDI
   716 000005B0 6A 05                           	PUSH	5
   717 000005B2 6A 07                           	PUSH	7
   718 000005B4 FF 75 10                        	PUSH	DWORD [16+EBP]
   719 000005B7 FF 75 0C                        	PUSH	DWORD [12+EBP]
   720 000005BA E8 FFFFFB97                     	CALL	_boxfill8
   721 000005BF 83 C4 38                        	ADD	ESP,56
   722 000005C2 56                              	PUSH	ESI
   723 000005C3 6A 04                           	PUSH	4
   724 000005C5 57                              	PUSH	EDI
   725 000005C6 6A 04                           	PUSH	4
   726 000005C8 6A 07                           	PUSH	7
   727 000005CA FF 75 10                        	PUSH	DWORD [16+EBP]
   728 000005CD FF 75 0C                        	PUSH	DWORD [12+EBP]
   729 000005D0 E8 FFFFFB81                     	CALL	_boxfill8
   730 000005D5 56                              	PUSH	ESI
   731 000005D6 6A 3D                           	PUSH	61
   732 000005D8 56                              	PUSH	ESI
   733 000005D9 31 F6                           	XOR	ESI,ESI
   734 000005DB 6A 05                           	PUSH	5
   735 000005DD 6A 0F                           	PUSH	15
   736 000005DF FF 75 10                        	PUSH	DWORD [16+EBP]
   737 000005E2 FF 75 0C                        	PUSH	DWORD [12+EBP]
   738 000005E5 E8 FFFFFB6C                     	CALL	_boxfill8
   739 000005EA 8B 45 14                        	MOV	EAX,DWORD [20+EBP]
   740 000005ED 83 C4 38                        	ADD	ESP,56
   741 000005F0 83 E8 05                        	SUB	EAX,5
   742 000005F3 50                              	PUSH	EAX
   743 000005F4 6A 3D                           	PUSH	61
   744 000005F6 FF 75 90                        	PUSH	DWORD [-112+EBP]
   745 000005F9 6A 3D                           	PUSH	61
   746 000005FB 6A 0F                           	PUSH	15
   747 000005FD FF 75 10                        	PUSH	DWORD [16+EBP]
   748 00000600 FF 75 0C                        	PUSH	DWORD [12+EBP]
   749 00000603 E8 FFFFFB4E                     	CALL	_boxfill8
   750 00000608 FF 75 98                        	PUSH	DWORD [-104+EBP]
   751 0000060B 6A 3D                           	PUSH	61
   752 0000060D FF 75 98                        	PUSH	DWORD [-104+EBP]
   753 00000610 6A 05                           	PUSH	5
   754 00000612 6A 00                           	PUSH	0
   755 00000614 FF 75 10                        	PUSH	DWORD [16+EBP]
   756 00000617 FF 75 0C                        	PUSH	DWORD [12+EBP]
   757 0000061A E8 FFFFFB37                     	CALL	_boxfill8
   758 0000061F 83 C4 38                        	ADD	ESP,56
   759 00000622 FF 75 98                        	PUSH	DWORD [-104+EBP]
   760 00000625 6A 3E                           	PUSH	62
   761 00000627 57                              	PUSH	EDI
   762 00000628 6A 3E                           	PUSH	62
   763 0000062A 6A 00                           	PUSH	0
   764 0000062C FF 75 10                        	PUSH	DWORD [16+EBP]
   765 0000062F FF 75 0C                        	PUSH	DWORD [12+EBP]
   766 00000632 E8 FFFFFB1F                     	CALL	_boxfill8
   767 00000637 8B 4D 14                        	MOV	ECX,DWORD [20+EBP]
   768 0000063A 83 E9 14                        	SUB	ECX,20
   769 0000063D 83 C4 1C                        	ADD	ESP,28
   770 00000640 0F AF 4D 10                     	IMUL	ECX,DWORD [16+EBP]
   771 00000644 31 DB                           	XOR	EBX,EBX
   772 00000646                                 L176:
   773 00000646 31 D2                           	XOR	EDX,EDX
   774 00000648                                 L175:
   775 00000648 80 BC 1A [00000130] 2A          	CMP	BYTE [_logo.2+EDX+EBX*1],42
   776 00000650 74 1A                           	JE	L192
   777 00000652                                 L172:
   778 00000652 42                              	INC	EDX
   779 00000653 83 FA 2B                        	CMP	EDX,43
   780 00000656 7E F0                           	JLE	L175
   781 00000658 46                              	INC	ESI
   782 00000659 83 C3 2C                        	ADD	EBX,44
   783 0000065C 03 4D 10                        	ADD	ECX,DWORD [16+EBP]
   784 0000065F 83 FE 0C                        	CMP	ESI,12
   785 00000662 7E E2                           	JLE	L176
   786 00000664                                 L134:
   787 00000664 8D 65 F4                        	LEA	ESP,DWORD [-12+EBP]
   788 00000667 5B                              	POP	EBX
   789 00000668 5E                              	POP	ESI
   790 00000669 5F                              	POP	EDI
   791 0000066A 5D                              	POP	EBP
   792 0000066B C3                              	RET
   793 0000066C                                 L192:
   794 0000066C 8D 04 0A                        	LEA	EAX,DWORD [EDX+ECX*1]
   795 0000066F 8B 7D 0C                        	MOV	EDI,DWORD [12+EBP]
   796 00000672 C6 44 38 09 0F                  	MOV	BYTE [9+EAX+EDI*1],15
   797 00000677 EB D9                           	JMP	L172
   798 00000679                                 L164:
   799 00000679 FF 75 A8                        	PUSH	DWORD [-88+EBP]
   800 0000067C 53                              	PUSH	EBX
   801 0000067D 0F B6 04 9E                     	MOVZX	EAX,BYTE [ESI+EBX*4]
   802 00000681 50                              	PUSH	EAX
   803 00000682 0F B6 44 9E 01                  	MOVZX	EAX,BYTE [1+ESI+EBX*4]
   804 00000687 50                              	PUSH	EAX
   805 00000688 0F B6 44 9E 02                  	MOVZX	EAX,BYTE [2+ESI+EBX*4]
   806 0000068D 50                              	PUSH	EAX
   807 0000068E E8 000000CC                     	CALL	_rgb2pal
   808 00000693 83 C4 14                        	ADD	ESP,20
   809 00000696 88 04 3B                        	MOV	BYTE [EBX+EDI*1],AL
   810 00000699 43                              	INC	EBX
   811 0000069A 3B 5D BC                        	CMP	EBX,DWORD [-68+EBP]
   812 0000069D 7C DA                           	JL	L164
   813 0000069F E9 FFFFFE25                     	JMP	L187
   814 000006A4                                 L191:
   815 000006A4 68 00300000                     	PUSH	3145728
   816 000006A9 FF 75 A4                        	PUSH	DWORD [-92+EBP]
   817 000006AC FF 75 08                        	PUSH	DWORD [8+EBP]
   818 000006AF E8 [00000000]                   	CALL	_memman_free_4k
   819 000006B4 68 00010000                     	PUSH	65536
   820 000006B9 FF 75 B0                        	PUSH	DWORD [-80+EBP]
   821 000006BC FF 75 08                        	PUSH	DWORD [8+EBP]
   822 000006BF E8 [00000000]                   	CALL	_memman_free_4k
   823 000006C4 68 000C0000                     	PUSH	786432
   824 000006C9 FF 75 AC                        	PUSH	DWORD [-84+EBP]
   825 000006CC FF 75 08                        	PUSH	DWORD [8+EBP]
   826 000006CF E8 [00000000]                   	CALL	_memman_free_4k
   827 000006D4 83 C4 24                        	ADD	ESP,36
   828 000006D7 C7 45 9C 00000000               	MOV	DWORD [-100+EBP],0
   829 000006DE C7 45 84 00000006               	MOV	DWORD [-124+EBP],6
   830 000006E5                                 L155:
   831 000006E5 C7 45 A0 00000000               	MOV	DWORD [-96+EBP],0
   832 000006EC C7 45 88 00000008               	MOV	DWORD [-120+EBP],8
   833 000006F3                                 L154:
   834 000006F3 6B 75 9C 06                     	IMUL	ESI,DWORD [-100+EBP],6
   835 000006F7 8B 45 10                        	MOV	EAX,DWORD [16+EBP]
   836 000006FA 0F AF C6                        	IMUL	EAX,ESI
   837 000006FD 89 45 8C                        	MOV	DWORD [-116+EBP],EAX
   838 00000700                                 L153:
   839 00000700 8B 45 8C                        	MOV	EAX,DWORD [-116+EBP]
   840 00000703 8B 5D A0                        	MOV	EBX,DWORD [-96+EBP]
   841 00000706 C1 E3 03                        	SAL	EBX,3
   842 00000709 03 45 0C                        	ADD	EAX,DWORD [12+EBP]
   843 0000070C 8D 3C 18                        	LEA	EDI,DWORD [EAX+EBX*1]
   844 0000070F                                 L152:
   845 0000070F FF 75 9C                        	PUSH	DWORD [-100+EBP]
   846 00000712 8B 45 9C                        	MOV	EAX,DWORD [-100+EBP]
   847 00000715 43                              	INC	EBX
   848 00000716 FF 75 A0                        	PUSH	DWORD [-96+EBP]
   849 00000719 01 C0                           	ADD	EAX,EAX
   850 0000071B 50                              	PUSH	EAX
   851 0000071C 8B 45 A0                        	MOV	EAX,DWORD [-96+EBP]
   852 0000071F 01 C0                           	ADD	EAX,EAX
   853 00000721 50                              	PUSH	EAX
   854 00000722 6A 00                           	PUSH	0
   855 00000724 E8 00000036                     	CALL	_rgb2pal
   856 00000729 83 C4 14                        	ADD	ESP,20
   857 0000072C 88 07                           	MOV	BYTE [EDI],AL
   858 0000072E 47                              	INC	EDI
   859 0000072F 3B 5D 88                        	CMP	EBX,DWORD [-120+EBP]
   860 00000732 7C DB                           	JL	L152
   861 00000734 8B 4D 10                        	MOV	ECX,DWORD [16+EBP]
   862 00000737 46                              	INC	ESI
   863 00000738 01 4D 8C                        	ADD	DWORD [-116+EBP],ECX
   864 0000073B 3B 75 84                        	CMP	ESI,DWORD [-124+EBP]
   865 0000073E 7C C0                           	JL	L153
   866 00000740 FF 45 A0                        	INC	DWORD [-96+EBP]
   867 00000743 83 45 88 08                     	ADD	DWORD [-120+EBP],8
   868 00000747 83 7D A0 7F                     	CMP	DWORD [-96+EBP],127
   869 0000074B 7E A6                           	JLE	L154
   870 0000074D FF 45 9C                        	INC	DWORD [-100+EBP]
   871 00000750 83 45 84 06                     	ADD	DWORD [-124+EBP],6
   872 00000754 83 7D 9C 7F                     	CMP	DWORD [-100+EBP],127
   873 00000758 7E 8B                           	JLE	L155
   874 0000075A E9 FFFFFF05                     	JMP	L134
   875                                          [SECTION .data]
   876 00000374                                 	ALIGNB	4
   877 00000374                                 _table.3:
   878 00000374 00000003                        	DD	3
   879 00000378 00000001                        	DD	1
   880 0000037C 00000000                        	DD	0
   881 00000380 00000002                        	DD	2
   882                                          [SECTION .text]
   883 0000075F                                 	GLOBAL	_rgb2pal
   884 0000075F                                 _rgb2pal:
   885 0000075F 55                              	PUSH	EBP
   886 00000760 89 E5                           	MOV	EBP,ESP
   887 00000762 57                              	PUSH	EDI
   888 00000763 56                              	PUSH	ESI
   889 00000764 BF 00000100                     	MOV	EDI,256
   890 00000769 53                              	PUSH	EBX
   891 0000076A BE 00000100                     	MOV	ESI,256
   892 0000076F 83 EC 14                        	SUB	ESP,20
   893 00000772 6B 4D 08 15                     	IMUL	ECX,DWORD [8+EBP],21
   894 00000776 8B 55 14                        	MOV	EDX,DWORD [20+EBP]
   895 00000779 8B 45 18                        	MOV	EAX,DWORD [24+EBP]
   896 0000077C 83 E2 01                        	AND	EDX,1
   897 0000077F 83 E0 01                        	AND	EAX,1
   898 00000782 8D 04 42                        	LEA	EAX,DWORD [EDX+EAX*2]
   899 00000785 8B 1C 85 [00000374]             	MOV	EBX,DWORD [_table.3+EAX*4]
   900 0000078C 89 C8                           	MOV	EAX,ECX
   901 0000078E 99                              	CDQ
   902 0000078F F7 FE                           	IDIV	ESI
   903 00000791 6B 75 0C 15                     	IMUL	ESI,DWORD [12+EBP],21
   904 00000795 89 C1                           	MOV	ECX,EAX
   905 00000797 89 F0                           	MOV	EAX,ESI
   906 00000799 99                              	CDQ
   907 0000079A F7 FF                           	IDIV	EDI
   908 0000079C 6B 75 10 15                     	IMUL	ESI,DWORD [16+EBP],21
   909 000007A0 89 45 E0                        	MOV	DWORD [-32+EBP],EAX
   910 000007A3 01 D9                           	ADD	ECX,EBX
   911 000007A5 89 F0                           	MOV	EAX,ESI
   912 000007A7 99                              	CDQ
   913 000007A8 F7 FF                           	IDIV	EDI
   914 000007AA 89 C6                           	MOV	ESI,EAX
   915 000007AC BF 00000004                     	MOV	EDI,4
   916 000007B1 89 C8                           	MOV	EAX,ECX
   917 000007B3 99                              	CDQ
   918 000007B4 F7 FF                           	IDIV	EDI
   919 000007B6 89 C1                           	MOV	ECX,EAX
   920 000007B8 8B 45 E0                        	MOV	EAX,DWORD [-32+EBP]
   921 000007BB 01 D8                           	ADD	EAX,EBX
   922 000007BD 8D 1C 33                        	LEA	EBX,DWORD [EBX+ESI*1]
   923 000007C0 99                              	CDQ
   924 000007C1 F7 FF                           	IDIV	EDI
   925 000007C3 89 45 E0                        	MOV	DWORD [-32+EBP],EAX
   926 000007C6 89 D8                           	MOV	EAX,EBX
   927 000007C8 99                              	CDQ
   928 000007C9 F7 FF                           	IDIV	EDI
   929 000007CB 89 C3                           	MOV	EBX,EAX
   930 000007CD 6B 45 E0 06                     	IMUL	EAX,DWORD [-32+EBP],6
   931 000007D1 6B D3 24                        	IMUL	EDX,EBX,36
   932 000007D4 83 C4 14                        	ADD	ESP,20
   933 000007D7 8D 04 08                        	LEA	EAX,DWORD [EAX+ECX*1]
   934 000007DA 5B                              	POP	EBX
   935 000007DB 5E                              	POP	ESI
   936 000007DC 8D 44 02 10                     	LEA	EAX,DWORD [16+EDX+EAX*1]
   937 000007E0 5F                              	POP	EDI
   938 000007E1 0F B6 C0                        	MOVZX	EAX,AL
   939 000007E4 5D                              	POP	EBP
   940 000007E5 C3                              	RET
   941 000007E6                                 	GLOBAL	_putfont32
   942 000007E6                                 _putfont32:
   943 000007E6 55                              	PUSH	EBP
   944 000007E7 89 E5                           	MOV	EBP,ESP
   945 000007E9 57                              	PUSH	EDI
   946 000007EA 56                              	PUSH	ESI
   947 000007EB 53                              	PUSH	EBX
   948 000007EC 83 EC 10                        	SUB	ESP,16
   949 000007EF 8A 45 18                        	MOV	AL,BYTE [24+EBP]
   950 000007F2 8B 55 10                        	MOV	EDX,DWORD [16+EBP]
   951 000007F5 88 45 F3                        	MOV	BYTE [-13+EBP],AL
   952 000007F8 8B 45 14                        	MOV	EAX,DWORD [20+EBP]
   953 000007FB 0F AF 45 0C                     	IMUL	EAX,DWORD [12+EBP]
   954 000007FF 03 45 08                        	ADD	EAX,DWORD [8+EBP]
   955 00000802 C7 45 E8 00000001               	MOV	DWORD [-24+EBP],1
   956 00000809 8D 3C 02                        	LEA	EDI,DWORD [EDX+EAX*1]
   957 0000080C C7 45 EC 00000000               	MOV	DWORD [-20+EBP],0
   958 00000813                                 L211:
   959 00000813 31 DB                           	XOR	EBX,EBX
   960 00000815                                 L204:
   961 00000815 8B 4D 1C                        	MOV	ECX,DWORD [28+EBP]
   962 00000818 8B 45 EC                        	MOV	EAX,DWORD [-20+EBP]
   963 0000081B 0F BE 14 08                     	MOVSX	EDX,BYTE [EAX+ECX*1]
   964 0000081F B8 00000080                     	MOV	EAX,128
   965 00000824 88 D9                           	MOV	CL,BL
   966 00000826 D3 F8                           	SAR	EAX,CL
   967 00000828 85 C2                           	TEST	EDX,EAX
   968 0000082A 74 16                           	JE	L201
   969 0000082C 8B 45 EC                        	MOV	EAX,DWORD [-20+EBP]
   970 0000082F BA 00000002                     	MOV	EDX,2
   971 00000834 89 D1                           	MOV	ECX,EDX
   972 00000836 99                              	CDQ
   973 00000837 F7 F9                           	IDIV	ECX
   974 00000839 8A 45 F3                        	MOV	AL,BYTE [-13+EBP]
   975 0000083C 8D 14 D3                        	LEA	EDX,DWORD [EBX+EDX*8]
   976 0000083F 88 04 3A                        	MOV	BYTE [EDX+EDI*1],AL
   977 00000842                                 L201:
   978 00000842 43                              	INC	EBX
   979 00000843 83 FB 07                        	CMP	EBX,7
   980 00000846 7E CD                           	JLE	L204
   981 00000848 31 DB                           	XOR	EBX,EBX
   982 0000084A                                 L209:
   983 0000084A 8B 45 EC                        	MOV	EAX,DWORD [-20+EBP]
   984 0000084D BA 00000002                     	MOV	EDX,2
   985 00000852 89 D1                           	MOV	ECX,EDX
   986 00000854 99                              	CDQ
   987 00000855 F7 F9                           	IDIV	ECX
   988 00000857 C1 E2 03                        	SAL	EDX,3
   989 0000085A 8D 0C 13                        	LEA	ECX,DWORD [EBX+EDX*1]
   990 0000085D 29 DA                           	SUB	EDX,EBX
   991 0000085F 43                              	INC	EBX
   992 00000860 0F BE 34 39                     	MOVSX	ESI,BYTE [ECX+EDI*1]
   993 00000864 8A 44 3A 07                     	MOV	AL,BYTE [7+EDX+EDI*1]
   994 00000868 83 FB 03                        	CMP	EBX,3
   995 0000086B 88 04 39                        	MOV	BYTE [ECX+EDI*1],AL
   996 0000086E 89 F0                           	MOV	EAX,ESI
   997 00000870 88 44 3A 07                     	MOV	BYTE [7+EDX+EDI*1],AL
   998 00000874 7E D4                           	JLE	L209
   999 00000876 F7 45 EC 00000001               	TEST	DWORD [-20+EBP],1
  1000 0000087D 74 16                           	JE	L197
  1001 0000087F 8B 45 14                        	MOV	EAX,DWORD [20+EBP]
  1002 00000882 8B 55 10                        	MOV	EDX,DWORD [16+EBP]
  1003 00000885 03 45 E8                        	ADD	EAX,DWORD [-24+EBP]
  1004 00000888 FF 45 E8                        	INC	DWORD [-24+EBP]
  1005 0000088B 0F AF 45 0C                     	IMUL	EAX,DWORD [12+EBP]
  1006 0000088F 03 45 08                        	ADD	EAX,DWORD [8+EBP]
  1007 00000892 8D 3C 02                        	LEA	EDI,DWORD [EDX+EAX*1]
  1008 00000895                                 L197:
  1009 00000895 FF 45 EC                        	INC	DWORD [-20+EBP]
  1010 00000898 83 7D EC 0F                     	CMP	DWORD [-20+EBP],15
  1011 0000089C 0F 8E FFFFFF71                  	JLE	L211
  1012 000008A2 C7 45 EC 00000000               	MOV	DWORD [-20+EBP],0
  1013 000008A9                                 L228:
  1014 000008A9 31 DB                           	XOR	EBX,EBX
  1015 000008AB                                 L221:
  1016 000008AB 8B 4D 20                        	MOV	ECX,DWORD [32+EBP]
  1017 000008AE 8B 45 EC                        	MOV	EAX,DWORD [-20+EBP]
  1018 000008B1 0F BE 14 08                     	MOVSX	EDX,BYTE [EAX+ECX*1]
  1019 000008B5 B8 00000080                     	MOV	EAX,128
  1020 000008BA 88 D9                           	MOV	CL,BL
  1021 000008BC D3 F8                           	SAR	EAX,CL
  1022 000008BE 85 C2                           	TEST	EDX,EAX
  1023 000008C0 74 16                           	JE	L218
  1024 000008C2 8B 45 EC                        	MOV	EAX,DWORD [-20+EBP]
  1025 000008C5 BA 00000002                     	MOV	EDX,2
  1026 000008CA 89 D1                           	MOV	ECX,EDX
  1027 000008CC 99                              	CDQ
  1028 000008CD F7 F9                           	IDIV	ECX
  1029 000008CF 8A 45 F3                        	MOV	AL,BYTE [-13+EBP]
  1030 000008D2 8D 14 D3                        	LEA	EDX,DWORD [EBX+EDX*8]
  1031 000008D5 88 04 3A                        	MOV	BYTE [EDX+EDI*1],AL
  1032 000008D8                                 L218:
  1033 000008D8 43                              	INC	EBX
  1034 000008D9 83 FB 07                        	CMP	EBX,7
  1035 000008DC 7E CD                           	JLE	L221
  1036 000008DE 31 DB                           	XOR	EBX,EBX
  1037 000008E0                                 L226:
  1038 000008E0 8B 45 EC                        	MOV	EAX,DWORD [-20+EBP]
  1039 000008E3 BA 00000002                     	MOV	EDX,2
  1040 000008E8 89 D1                           	MOV	ECX,EDX
  1041 000008EA 99                              	CDQ
  1042 000008EB F7 F9                           	IDIV	ECX
  1043 000008ED C1 E2 03                        	SAL	EDX,3
  1044 000008F0 8D 0C 13                        	LEA	ECX,DWORD [EBX+EDX*1]
  1045 000008F3 29 DA                           	SUB	EDX,EBX
  1046 000008F5 43                              	INC	EBX
  1047 000008F6 0F BE 34 39                     	MOVSX	ESI,BYTE [ECX+EDI*1]
  1048 000008FA 8A 44 3A 07                     	MOV	AL,BYTE [7+EDX+EDI*1]
  1049 000008FE 83 FB 03                        	CMP	EBX,3
  1050 00000901 88 04 39                        	MOV	BYTE [ECX+EDI*1],AL
  1051 00000904 89 F0                           	MOV	EAX,ESI
  1052 00000906 88 44 3A 07                     	MOV	BYTE [7+EDX+EDI*1],AL
  1053 0000090A 7E D4                           	JLE	L226
  1054 0000090C F7 45 EC 00000001               	TEST	DWORD [-20+EBP],1
  1055 00000913 74 16                           	JE	L214
  1056 00000915 8B 45 14                        	MOV	EAX,DWORD [20+EBP]
  1057 00000918 8B 55 10                        	MOV	EDX,DWORD [16+EBP]
  1058 0000091B 03 45 E8                        	ADD	EAX,DWORD [-24+EBP]
  1059 0000091E FF 45 E8                        	INC	DWORD [-24+EBP]
  1060 00000921 0F AF 45 0C                     	IMUL	EAX,DWORD [12+EBP]
  1061 00000925 03 45 08                        	ADD	EAX,DWORD [8+EBP]
  1062 00000928 8D 3C 02                        	LEA	EDI,DWORD [EDX+EAX*1]
  1063 0000092B                                 L214:
  1064 0000092B FF 45 EC                        	INC	DWORD [-20+EBP]
  1065 0000092E 83 7D EC 0F                     	CMP	DWORD [-20+EBP],15
  1066 00000932 0F 8E FFFFFF71                  	JLE	L228
  1067 00000938 83 C4 10                        	ADD	ESP,16
  1068 0000093B 5B                              	POP	EBX
  1069 0000093C 5E                              	POP	ESI
  1070 0000093D 5F                              	POP	EDI
  1071 0000093E 5D                              	POP	EBP
  1072 0000093F C3                              	RET
  1073 00000940                                 	GLOBAL	_putfonts8_asc
  1074 00000940                                 _putfonts8_asc:
  1075 00000940 55                              	PUSH	EBP
  1076 00000941 89 E5                           	MOV	EBP,ESP
  1077 00000943 57                              	PUSH	EDI
  1078 00000944 56                              	PUSH	ESI
  1079 00000945 53                              	PUSH	EBX
  1080 00000946 57                              	PUSH	EDI
  1081 00000947 57                              	PUSH	EDI
  1082 00000948 8A 45 18                        	MOV	AL,BYTE [24+EBP]
  1083 0000094B 8B 5D 1C                        	MOV	EBX,DWORD [28+EBP]
  1084 0000094E 8B 75 10                        	MOV	ESI,DWORD [16+EBP]
  1085 00000951 88 45 F3                        	MOV	BYTE [-13+EBP],AL
  1086 00000954 E8 [00000000]                   	CALL	_task_now
  1087 00000959 89 C7                           	MOV	EDI,EAX
  1088 0000095B A1 00000FE8                     	MOV	EAX,DWORD [4072]
  1089 00000960 89 45 EC                        	MOV	DWORD [-20+EBP],EAX
  1090 00000963 80 3B 00                        	CMP	BYTE [EBX],0
  1091 00000966 74 22                           	JE	L252
  1092 00000968                                 L250:
  1093 00000968 8A 87 000000BC                  	MOV	AL,BYTE [188+EDI]
  1094 0000096E 84 C0                           	TEST	AL,AL
  1095 00000970 75 45                           	JNE	L246
  1096 00000972 8A 13                           	MOV	DL,BYTE [EBX]
  1097 00000974 8D 42 5F                        	LEA	EAX,DWORD [95+EDX]
  1098 00000977 3C 5D                           	CMP	AL,93
  1099 00000979 77 17                           	JA	L247
  1100 0000097B 88 97 000000BC                  	MOV	BYTE [188+EDI],DL
  1101 00000981                                 L249:
  1102 00000981 43                              	INC	EBX
  1103 00000982 83 C6 08                        	ADD	ESI,8
  1104 00000985 80 3B 00                        	CMP	BYTE [EBX],0
  1105 00000988 75 DE                           	JNE	L250
  1106 0000098A                                 L252:
  1107 0000098A 8D 65 F4                        	LEA	ESP,DWORD [-12+EBP]
  1108 0000098D 5B                              	POP	EBX
  1109 0000098E 5E                              	POP	ESI
  1110 0000098F 5F                              	POP	EDI
  1111 00000990 5D                              	POP	EBP
  1112 00000991 C3                              	RET
  1113 00000992                                 L247:
  1114 00000992 0F B6 C2                        	MOVZX	EAX,DL
  1115 00000995 C1 E0 04                        	SAL	EAX,4
  1116 00000998 05 [00000000]                   	ADD	EAX,_fonts
  1117 0000099D 50                              	PUSH	EAX
  1118 0000099E 0F BE 45 F3                     	MOVSX	EAX,BYTE [-13+EBP]
  1119 000009A2 50                              	PUSH	EAX
  1120 000009A3 FF 75 14                        	PUSH	DWORD [20+EBP]
  1121 000009A6 56                              	PUSH	ESI
  1122 000009A7 FF 75 0C                        	PUSH	DWORD [12+EBP]
  1123 000009AA FF 75 08                        	PUSH	DWORD [8+EBP]
  1124 000009AD E8 FFFFF906                     	CALL	_putfont8
  1125 000009B2 83 C4 18                        	ADD	ESP,24
  1126 000009B5 EB CA                           	JMP	L249
  1127 000009B7                                 L246:
  1128 000009B7 0F B6 C0                        	MOVZX	EAX,AL
  1129 000009BA 6B C0 5E                        	IMUL	EAX,EAX,94
  1130 000009BD 0F B6 13                        	MOVZX	EDX,BYTE [EBX]
  1131 000009C0 C6 87 000000BC 00               	MOV	BYTE [188+EDI],0
  1132 000009C7 8D 84 02 FFFFC441               	LEA	EAX,DWORD [-15295+EDX+EAX*1]
  1133 000009CE C1 E0 05                        	SAL	EAX,5
  1134 000009D1 03 45 EC                        	ADD	EAX,DWORD [-20+EBP]
  1135 000009D4 8D 50 10                        	LEA	EDX,DWORD [16+EAX]
  1136 000009D7 52                              	PUSH	EDX
  1137 000009D8 50                              	PUSH	EAX
  1138 000009D9 0F BE 45 F3                     	MOVSX	EAX,BYTE [-13+EBP]
  1139 000009DD 50                              	PUSH	EAX
  1140 000009DE 8D 46 F8                        	LEA	EAX,DWORD [-8+ESI]
  1141 000009E1 FF 75 14                        	PUSH	DWORD [20+EBP]
  1142 000009E4 50                              	PUSH	EAX
  1143 000009E5 FF 75 0C                        	PUSH	DWORD [12+EBP]
  1144 000009E8 FF 75 08                        	PUSH	DWORD [8+EBP]
  1145 000009EB E8 FFFFFDF6                     	CALL	_putfont32
  1146 000009F0 83 C4 1C                        	ADD	ESP,28
  1147 000009F3 EB 8C                           	JMP	L249
  1148                                          [SECTION .data]
  1149 00000384                                 _logo.4:
  1150 00000384 2A 2A 2A 2A 2A 2A 2A 2A 2A 2A   	DB	"************......................**********"
       0000038E 2A 2A 2E 2E 2E 2E 2E 2E 2E 2E 
       00000398 2E 2E 2E 2E 2E 2E 2E 2E 2E 2E 
       000003A2 2E 2E 2E 2E 2A 2A 2A 2A 2A 2A 
       000003AC 2A 2A 2A 2A 
  1151 000003B0 2E 2A 2A 2A 2A 2A 2A 2A 2A 2A   	DB	".**************..................**********."
       000003BA 2A 2A 2A 2A 2A 2E 2E 2E 2E 2E 
       000003C4 2E 2E 2E 2E 2E 2E 2E 2E 2E 2E 
       000003CE 2E 2E 2E 2A 2A 2A 2A 2A 2A 2A 
       000003D8 2A 2A 2A 2E 
  1152 000003DC 2E 2E 2E 2E 2E 2A 2A 2A 2A 2A   	DB	".....************...............**********.."
       000003E6 2A 2A 2A 2A 2A 2A 2A 2E 2E 2E 
       000003F0 2E 2E 2E 2E 2E 2E 2E 2E 2E 2E 
       000003FA 2E 2E 2A 2A 2A 2A 2A 2A 2A 2A 
       00000404 2A 2A 2E 2E 
  1153 00000408 2E 2E 2E 2E 2E 2E 2E 2E 2A 2A   	DB	"........***********...........*********....."
       00000412 2A 2A 2A 2A 2A 2A 2A 2A 2A 2E 
       0000041C 2E 2E 2E 2E 2E 2E 2E 2E 2E 2E 
       00000426 2A 2A 2A 2A 2A 2A 2A 2A 2A 2E 
       00000430 2E 2E 2E 2E 
  1154 00000434 2E 2E 2E 2E 2E 2E 2E 2E 2E 2E   	DB	"............********.......***********......"
       0000043E 2E 2E 2A 2A 2A 2A 2A 2A 2A 2A 
       00000448 2E 2E 2E 2E 2E 2E 2E 2A 2A 2A 
       00000452 2A 2A 2A 2A 2A 2A 2A 2A 2E 2E 
       0000045C 2E 2E 2E 2E 
  1155 00000460 2E 2E 2E 2E 2E 2E 2E 2E 2E 2E   	DB	".............*********..*********..........."
       0000046A 2E 2E 2E 2A 2A 2A 2A 2A 2A 2A 
       00000474 2A 2A 2E 2E 2A 2A 2A 2A 2A 2A 
       0000047E 2A 2A 2A 2E 2E 2E 2E 2E 2E 2E 
       00000488 2E 2E 2E 2E 
  1156 0000048C 2E 2E 2E 2E 2E 2E 2E 2E 2E 2E   	DB	"...............**************..............."
       00000496 2E 2E 2E 2E 2E 2A 2A 2A 2A 2A 
       000004A0 2A 2A 2A 2A 2A 2A 2A 2A 2A 2E 
       000004AA 2E 2E 2E 2E 2E 2E 2E 2E 2E 2E 
       000004B4 2E 2E 2E 2E 
  1157 000004B8 2E 2E 2E 2E 2E 2E 2E 2E 2E 2E   	DB	"...........*********..*********............."
       000004C2 2E 2A 2A 2A 2A 2A 2A 2A 2A 2A 
       000004CC 2E 2E 2A 2A 2A 2A 2A 2A 2A 2A 
       000004D6 2A 2E 2E 2E 2E 2E 2E 2E 2E 2E 
       000004E0 2E 2E 2E 2E 
  1158 000004E4 2E 2E 2E 2E 2E 2E 2E 2A 2A 2A   	DB	".......***********......*********..........."
       000004EE 2A 2A 2A 2A 2A 2A 2A 2A 2E 2E 
       000004F8 2E 2E 2E 2E 2A 2A 2A 2A 2A 2A 
       00000502 2A 2A 2A 2E 2E 2E 2E 2E 2E 2E 
       0000050C 2E 2E 2E 2E 
  1159 00000510 2E 2E 2E 2E 2A 2A 2A 2A 2A 2A   	DB	"....**********...........***********........"
       0000051A 2A 2A 2A 2A 2E 2E 2E 2E 2E 2E 
       00000524 2E 2E 2E 2E 2E 2A 2A 2A 2A 2A 
       0000052E 2A 2A 2A 2A 2A 2A 2E 2E 2E 2E 
       00000538 2E 2E 2E 2E 
  1160 0000053C 2E 2E 2A 2A 2A 2A 2A 2A 2A 2A   	DB	"..**********..............*************....."
       00000546 2A 2A 2E 2E 2E 2E 2E 2E 2E 2E 
       00000550 2E 2E 2E 2E 2E 2E 2A 2A 2A 2A 
       0000055A 2A 2A 2A 2A 2A 2A 2A 2A 2A 2E 
       00000564 2E 2E 2E 2E 
  1161 00000568 2E 2A 2A 2A 2A 2A 2A 2A 2A 2A   	DB	".**********.................***************."
       00000572 2A 2E 2E 2E 2E 2E 2E 2E 2E 2E 
       0000057C 2E 2E 2E 2E 2E 2E 2E 2E 2A 2A 
       00000586 2A 2A 2A 2A 2A 2A 2A 2A 2A 2A 
       00000590 2A 2A 2A 2E 
  1162 00000594 2A 2A 2A 2A 2A 2A 2A 2A 2A 2A   	DB	"**********.....................*************"
       0000059E 2E 2E 2E 2E 2E 2E 2E 2E 2E 2E 
       000005A8 2E 2E 2E 2E 2E 2E 2E 2E 2E 2E 
       000005B2 2E 2A 2A 2A 2A 2A 2A 2A 2A 2A 
       000005BC 2A 2A 2A 2A 
  1163                                          [SECTION .text]
  1164 000009F5                                 	GLOBAL	_open_menu
  1165 000009F5                                 _open_menu:
  1166 000009F5 55                              	PUSH	EBP
  1167 000009F6 89 E5                           	MOV	EBP,ESP
  1168 000009F8 57                              	PUSH	EDI
  1169 000009F9 56                              	PUSH	ESI
  1170 000009FA 8B 7D 14                        	MOV	EDI,DWORD [20+EBP]
  1171 000009FD 53                              	PUSH	EBX
  1172 000009FE 83 EF 03                        	SUB	EDI,3
  1173 00000A01 8B 75 14                        	MOV	ESI,DWORD [20+EBP]
  1174 00000A04 57                              	PUSH	EDI
  1175 00000A05 83 EE 18                        	SUB	ESI,24
  1176 00000A08 6A 3E                           	PUSH	62
  1177 00000A0A 56                              	PUSH	ESI
  1178 00000A0B 6A 04                           	PUSH	4
  1179 00000A0D 6A 08                           	PUSH	8
  1180 00000A0F FF 75 10                        	PUSH	DWORD [16+EBP]
  1181 00000A12 FF 75 08                        	PUSH	DWORD [8+EBP]
  1182 00000A15 E8 FFFFF73C                     	CALL	_boxfill8
  1183 00000A1A 56                              	PUSH	ESI
  1184 00000A1B 6A 3D                           	PUSH	61
  1185 00000A1D 56                              	PUSH	ESI
  1186 00000A1E 6A 05                           	PUSH	5
  1187 00000A20 6A 00                           	PUSH	0
  1188 00000A22 FF 75 10                        	PUSH	DWORD [16+EBP]
  1189 00000A25 FF 75 08                        	PUSH	DWORD [8+EBP]
  1190 00000A28 E8 FFFFF729                     	CALL	_boxfill8
  1191 00000A2D 8B 45 14                        	MOV	EAX,DWORD [20+EBP]
  1192 00000A30 83 C4 38                        	ADD	ESP,56
  1193 00000A33 83 E8 04                        	SUB	EAX,4
  1194 00000A36 50                              	PUSH	EAX
  1195 00000A37 6A 04                           	PUSH	4
  1196 00000A39 56                              	PUSH	ESI
  1197 00000A3A 6A 04                           	PUSH	4
  1198 00000A3C 6A 00                           	PUSH	0
  1199 00000A3E FF 75 10                        	PUSH	DWORD [16+EBP]
  1200 00000A41 FF 75 08                        	PUSH	DWORD [8+EBP]
  1201 00000A44 E8 FFFFF70D                     	CALL	_boxfill8
  1202 00000A49 8B 5D 14                        	MOV	EBX,DWORD [20+EBP]
  1203 00000A4C 83 EB 17                        	SUB	EBX,23
  1204 00000A4F 53                              	PUSH	EBX
  1205 00000A50 6A 3D                           	PUSH	61
  1206 00000A52 53                              	PUSH	EBX
  1207 00000A53 6A 05                           	PUSH	5
  1208 00000A55 6A 0F                           	PUSH	15
  1209 00000A57 FF 75 10                        	PUSH	DWORD [16+EBP]
  1210 00000A5A FF 75 08                        	PUSH	DWORD [8+EBP]
  1211 00000A5D E8 FFFFF6F4                     	CALL	_boxfill8
  1212 00000A62 8B 45 14                        	MOV	EAX,DWORD [20+EBP]
  1213 00000A65 83 C4 38                        	ADD	ESP,56
  1214 00000A68 83 E8 05                        	SUB	EAX,5
  1215 00000A6B 50                              	PUSH	EAX
  1216 00000A6C 6A 05                           	PUSH	5
  1217 00000A6E 53                              	PUSH	EBX
  1218 00000A6F 31 DB                           	XOR	EBX,EBX
  1219 00000A71 6A 05                           	PUSH	5
  1220 00000A73 6A 0F                           	PUSH	15
  1221 00000A75 FF 75 10                        	PUSH	DWORD [16+EBP]
  1222 00000A78 FF 75 08                        	PUSH	DWORD [8+EBP]
  1223 00000A7B E8 FFFFF6D6                     	CALL	_boxfill8
  1224 00000A80 57                              	PUSH	EDI
  1225 00000A81 6A 3D                           	PUSH	61
  1226 00000A83 57                              	PUSH	EDI
  1227 00000A84 6A 05                           	PUSH	5
  1228 00000A86 6A 07                           	PUSH	7
  1229 00000A88 FF 75 10                        	PUSH	DWORD [16+EBP]
  1230 00000A8B FF 75 08                        	PUSH	DWORD [8+EBP]
  1231 00000A8E E8 FFFFF6C3                     	CALL	_boxfill8
  1232 00000A93 83 C4 38                        	ADD	ESP,56
  1233 00000A96 57                              	PUSH	EDI
  1234 00000A97 6A 3E                           	PUSH	62
  1235 00000A99 56                              	PUSH	ESI
  1236 00000A9A 31 F6                           	XOR	ESI,ESI
  1237 00000A9C 6A 3E                           	PUSH	62
  1238 00000A9E 6A 07                           	PUSH	7
  1239 00000AA0 FF 75 10                        	PUSH	DWORD [16+EBP]
  1240 00000AA3 FF 75 08                        	PUSH	DWORD [8+EBP]
  1241 00000AA6 E8 FFFFF6AB                     	CALL	_boxfill8
  1242 00000AAB 6A 14                           	PUSH	20
  1243 00000AAD 6A 64                           	PUSH	100
  1244 00000AAF 6A 00                           	PUSH	0
  1245 00000AB1 6A 00                           	PUSH	0
  1246 00000AB3 6A 08                           	PUSH	8
  1247 00000AB5 6A 64                           	PUSH	100
  1248 00000AB7 FF 75 0C                        	PUSH	DWORD [12+EBP]
  1249 00000ABA E8 FFFFF697                     	CALL	_boxfill8
  1250 00000ABF 8B 4D 14                        	MOV	ECX,DWORD [20+EBP]
  1251 00000AC2 83 E9 13                        	SUB	ECX,19
  1252 00000AC5 83 C4 38                        	ADD	ESP,56
  1253 00000AC8 0F AF 4D 10                     	IMUL	ECX,DWORD [16+EBP]
  1254 00000ACC                                 L264:
  1255 00000ACC 31 D2                           	XOR	EDX,EDX
  1256 00000ACE                                 L263:
  1257 00000ACE 80 BC 1A [00000384] 2A          	CMP	BYTE [_logo.4+EDX+EBX*1],42
  1258 00000AD6 74 1A                           	JE	L269
  1259 00000AD8                                 L260:
  1260 00000AD8 42                              	INC	EDX
  1261 00000AD9 83 FA 2B                        	CMP	EDX,43
  1262 00000ADC 7E F0                           	JLE	L263
  1263 00000ADE 46                              	INC	ESI
  1264 00000ADF 83 C3 2C                        	ADD	EBX,44
  1265 00000AE2 03 4D 10                        	ADD	ECX,DWORD [16+EBP]
  1266 00000AE5 83 FE 0C                        	CMP	ESI,12
  1267 00000AE8 7E E2                           	JLE	L264
  1268 00000AEA 8D 65 F4                        	LEA	ESP,DWORD [-12+EBP]
  1269 00000AED 5B                              	POP	EBX
  1270 00000AEE 5E                              	POP	ESI
  1271 00000AEF 5F                              	POP	EDI
  1272 00000AF0 5D                              	POP	EBP
  1273 00000AF1 C3                              	RET
  1274 00000AF2                                 L269:
  1275 00000AF2 8D 04 0A                        	LEA	EAX,DWORD [EDX+ECX*1]
  1276 00000AF5 8B 7D 08                        	MOV	EDI,DWORD [8+EBP]
  1277 00000AF8 C6 44 38 0A 0F                  	MOV	BYTE [10+EAX+EDI*1],15
  1278 00000AFD EB D9                           	JMP	L260
  1279                                          [SECTION .data]
  1280 000005C0                                 _logo.5:
  1281 000005C0 2A 2A 2A 2A 2A 2A 2A 2A 2A 2A   	DB	"************......................**********"
       000005CA 2A 2A 2E 2E 2E 2E 2E 2E 2E 2E 
       000005D4 2E 2E 2E 2E 2E 2E 2E 2E 2E 2E 
       000005DE 2E 2E 2E 2E 2A 2A 2A 2A 2A 2A 
       000005E8 2A 2A 2A 2A 
  1282 000005EC 2E 2A 2A 2A 2A 2A 2A 2A 2A 2A   	DB	".**************..................**********."
       000005F6 2A 2A 2A 2A 2A 2E 2E 2E 2E 2E 
       00000600 2E 2E 2E 2E 2E 2E 2E 2E 2E 2E 
       0000060A 2E 2E 2E 2A 2A 2A 2A 2A 2A 2A 
       00000614 2A 2A 2A 2E 
  1283 00000618 2E 2E 2E 2E 2E 2A 2A 2A 2A 2A   	DB	".....************...............**********.."
       00000622 2A 2A 2A 2A 2A 2A 2A 2E 2E 2E 
       0000062C 2E 2E 2E 2E 2E 2E 2E 2E 2E 2E 
       00000636 2E 2E 2A 2A 2A 2A 2A 2A 2A 2A 
       00000640 2A 2A 2E 2E 
  1284 00000644 2E 2E 2E 2E 2E 2E 2E 2E 2A 2A   	DB	"........***********...........*********....."
       0000064E 2A 2A 2A 2A 2A 2A 2A 2A 2A 2E 
       00000658 2E 2E 2E 2E 2E 2E 2E 2E 2E 2E 
       00000662 2A 2A 2A 2A 2A 2A 2A 2A 2A 2E 
       0000066C 2E 2E 2E 2E 
  1285 00000670 2E 2E 2E 2E 2E 2E 2E 2E 2E 2E   	DB	"............********.......***********......"
       0000067A 2E 2E 2A 2A 2A 2A 2A 2A 2A 2A 
       00000684 2E 2E 2E 2E 2E 2E 2E 2A 2A 2A 
       0000068E 2A 2A 2A 2A 2A 2A 2A 2A 2E 2E 
       00000698 2E 2E 2E 2E 
  1286 0000069C 2E 2E 2E 2E 2E 2E 2E 2E 2E 2E   	DB	".............*********..*********..........."
       000006A6 2E 2E 2E 2A 2A 2A 2A 2A 2A 2A 
       000006B0 2A 2A 2E 2E 2A 2A 2A 2A 2A 2A 
       000006BA 2A 2A 2A 2E 2E 2E 2E 2E 2E 2E 
       000006C4 2E 2E 2E 2E 
  1287 000006C8 2E 2E 2E 2E 2E 2E 2E 2E 2E 2E   	DB	"...............**************..............."
       000006D2 2E 2E 2E 2E 2E 2A 2A 2A 2A 2A 
       000006DC 2A 2A 2A 2A 2A 2A 2A 2A 2A 2E 
       000006E6 2E 2E 2E 2E 2E 2E 2E 2E 2E 2E 
       000006F0 2E 2E 2E 2E 
  1288 000006F4 2E 2E 2E 2E 2E 2E 2E 2E 2E 2E   	DB	"...........*********..*********............."
       000006FE 2E 2A 2A 2A 2A 2A 2A 2A 2A 2A 
       00000708 2E 2E 2A 2A 2A 2A 2A 2A 2A 2A 
       00000712 2A 2E 2E 2E 2E 2E 2E 2E 2E 2E 
       0000071C 2E 2E 2E 2E 
  1289 00000720 2E 2E 2E 2E 2E 2E 2E 2A 2A 2A   	DB	".......***********......*********..........."
       0000072A 2A 2A 2A 2A 2A 2A 2A 2A 2E 2E 
       00000734 2E 2E 2E 2E 2A 2A 2A 2A 2A 2A 
       0000073E 2A 2A 2A 2E 2E 2E 2E 2E 2E 2E 
       00000748 2E 2E 2E 2E 
  1290 0000074C 2E 2E 2E 2E 2A 2A 2A 2A 2A 2A   	DB	"....**********...........***********........"
       00000756 2A 2A 2A 2A 2E 2E 2E 2E 2E 2E 
       00000760 2E 2E 2E 2E 2E 2A 2A 2A 2A 2A 
       0000076A 2A 2A 2A 2A 2A 2A 2E 2E 2E 2E 
       00000774 2E 2E 2E 2E 
  1291 00000778 2E 2E 2A 2A 2A 2A 2A 2A 2A 2A   	DB	"..**********..............*************....."
       00000782 2A 2A 2E 2E 2E 2E 2E 2E 2E 2E 
       0000078C 2E 2E 2E 2E 2E 2E 2A 2A 2A 2A 
       00000796 2A 2A 2A 2A 2A 2A 2A 2A 2A 2E 
       000007A0 2E 2E 2E 2E 
  1292 000007A4 2E 2A 2A 2A 2A 2A 2A 2A 2A 2A   	DB	".**********.................***************."
       000007AE 2A 2E 2E 2E 2E 2E 2E 2E 2E 2E 
       000007B8 2E 2E 2E 2E 2E 2E 2E 2E 2A 2A 
       000007C2 2A 2A 2A 2A 2A 2A 2A 2A 2A 2A 
       000007CC 2A 2A 2A 2E 
  1293 000007D0 2A 2A 2A 2A 2A 2A 2A 2A 2A 2A   	DB	"**********.....................*************"
       000007DA 2E 2E 2E 2E 2E 2E 2E 2E 2E 2E 
       000007E4 2E 2E 2E 2E 2E 2E 2E 2E 2E 2E 
       000007EE 2E 2A 2A 2A 2A 2A 2A 2A 2A 2A 
       000007F8 2A 2A 2A 2A 
  1294                                          [SECTION .text]
  1295 00000AFF                                 	GLOBAL	_close_menu
  1296 00000AFF                                 _close_menu:
  1297 00000AFF 55                              	PUSH	EBP
  1298 00000B00 89 E5                           	MOV	EBP,ESP
  1299 00000B02 57                              	PUSH	EDI
  1300 00000B03 56                              	PUSH	ESI
  1301 00000B04 8B 7D 14                        	MOV	EDI,DWORD [20+EBP]
  1302 00000B07 53                              	PUSH	EBX
  1303 00000B08 83 EF 03                        	SUB	EDI,3
  1304 00000B0B 8B 75 14                        	MOV	ESI,DWORD [20+EBP]
  1305 00000B0E 57                              	PUSH	EDI
  1306 00000B0F 83 EE 18                        	SUB	ESI,24
  1307 00000B12 6A 3E                           	PUSH	62
  1308 00000B14 56                              	PUSH	ESI
  1309 00000B15 6A 04                           	PUSH	4
  1310 00000B17 6A 08                           	PUSH	8
  1311 00000B19 FF 75 10                        	PUSH	DWORD [16+EBP]
  1312 00000B1C FF 75 08                        	PUSH	DWORD [8+EBP]
  1313 00000B1F E8 FFFFF632                     	CALL	_boxfill8
  1314 00000B24 56                              	PUSH	ESI
  1315 00000B25 6A 3D                           	PUSH	61
  1316 00000B27 56                              	PUSH	ESI
  1317 00000B28 6A 05                           	PUSH	5
  1318 00000B2A 6A 07                           	PUSH	7
  1319 00000B2C FF 75 10                        	PUSH	DWORD [16+EBP]
  1320 00000B2F FF 75 08                        	PUSH	DWORD [8+EBP]
  1321 00000B32 E8 FFFFF61F                     	CALL	_boxfill8
  1322 00000B37 8B 5D 14                        	MOV	EBX,DWORD [20+EBP]
  1323 00000B3A 83 C4 38                        	ADD	ESP,56
  1324 00000B3D 83 EB 04                        	SUB	EBX,4
  1325 00000B40 53                              	PUSH	EBX
  1326 00000B41 6A 04                           	PUSH	4
  1327 00000B43 56                              	PUSH	ESI
  1328 00000B44 6A 04                           	PUSH	4
  1329 00000B46 6A 07                           	PUSH	7
  1330 00000B48 FF 75 10                        	PUSH	DWORD [16+EBP]
  1331 00000B4B FF 75 08                        	PUSH	DWORD [8+EBP]
  1332 00000B4E E8 FFFFF603                     	CALL	_boxfill8
  1333 00000B53 53                              	PUSH	EBX
  1334 00000B54 6A 3D                           	PUSH	61
  1335 00000B56 53                              	PUSH	EBX
  1336 00000B57 31 DB                           	XOR	EBX,EBX
  1337 00000B59 6A 05                           	PUSH	5
  1338 00000B5B 6A 0F                           	PUSH	15
  1339 00000B5D FF 75 10                        	PUSH	DWORD [16+EBP]
  1340 00000B60 FF 75 08                        	PUSH	DWORD [8+EBP]
  1341 00000B63 E8 FFFFF5EE                     	CALL	_boxfill8
  1342 00000B68 8B 45 14                        	MOV	EAX,DWORD [20+EBP]
  1343 00000B6B 83 C4 38                        	ADD	ESP,56
  1344 00000B6E 83 E8 05                        	SUB	EAX,5
  1345 00000B71 50                              	PUSH	EAX
  1346 00000B72 8B 45 14                        	MOV	EAX,DWORD [20+EBP]
  1347 00000B75 6A 3D                           	PUSH	61
  1348 00000B77 83 E8 17                        	SUB	EAX,23
  1349 00000B7A 50                              	PUSH	EAX
  1350 00000B7B 6A 3D                           	PUSH	61
  1351 00000B7D 6A 0F                           	PUSH	15
  1352 00000B7F FF 75 10                        	PUSH	DWORD [16+EBP]
  1353 00000B82 FF 75 08                        	PUSH	DWORD [8+EBP]
  1354 00000B85 E8 FFFFF5CC                     	CALL	_boxfill8
  1355 00000B8A 57                              	PUSH	EDI
  1356 00000B8B 6A 3D                           	PUSH	61
  1357 00000B8D 57                              	PUSH	EDI
  1358 00000B8E 6A 05                           	PUSH	5
  1359 00000B90 6A 00                           	PUSH	0
  1360 00000B92 FF 75 10                        	PUSH	DWORD [16+EBP]
  1361 00000B95 FF 75 08                        	PUSH	DWORD [8+EBP]
  1362 00000B98 E8 FFFFF5B9                     	CALL	_boxfill8
  1363 00000B9D 83 C4 38                        	ADD	ESP,56
  1364 00000BA0 57                              	PUSH	EDI
  1365 00000BA1 6A 3E                           	PUSH	62
  1366 00000BA3 56                              	PUSH	ESI
  1367 00000BA4 31 F6                           	XOR	ESI,ESI
  1368 00000BA6 6A 3E                           	PUSH	62
  1369 00000BA8 6A 00                           	PUSH	0
  1370 00000BAA FF 75 10                        	PUSH	DWORD [16+EBP]
  1371 00000BAD FF 75 08                        	PUSH	DWORD [8+EBP]
  1372 00000BB0 E8 FFFFF5A1                     	CALL	_boxfill8
  1373 00000BB5 6A 14                           	PUSH	20
  1374 00000BB7 6A 64                           	PUSH	100
  1375 00000BB9 6A 00                           	PUSH	0
  1376 00000BBB 6A 00                           	PUSH	0
  1377 00000BBD 68 000000FF                     	PUSH	255
  1378 00000BC2 6A 64                           	PUSH	100
  1379 00000BC4 FF 75 0C                        	PUSH	DWORD [12+EBP]
  1380 00000BC7 E8 FFFFF58A                     	CALL	_boxfill8
  1381 00000BCC 8B 4D 14                        	MOV	ECX,DWORD [20+EBP]
  1382 00000BCF 83 E9 14                        	SUB	ECX,20
  1383 00000BD2 83 C4 38                        	ADD	ESP,56
  1384 00000BD5 0F AF 4D 10                     	IMUL	ECX,DWORD [16+EBP]
  1385 00000BD9                                 L281:
  1386 00000BD9 31 D2                           	XOR	EDX,EDX
  1387 00000BDB                                 L280:
  1388 00000BDB 80 BC 1A [000005C0] 2A          	CMP	BYTE [_logo.5+EDX+EBX*1],42
  1389 00000BE3 74 1A                           	JE	L286
  1390 00000BE5                                 L277:
  1391 00000BE5 42                              	INC	EDX
  1392 00000BE6 83 FA 2B                        	CMP	EDX,43
  1393 00000BE9 7E F0                           	JLE	L280
  1394 00000BEB 46                              	INC	ESI
  1395 00000BEC 83 C3 2C                        	ADD	EBX,44
  1396 00000BEF 03 4D 10                        	ADD	ECX,DWORD [16+EBP]
  1397 00000BF2 83 FE 0C                        	CMP	ESI,12
  1398 00000BF5 7E E2                           	JLE	L281
  1399 00000BF7 8D 65 F4                        	LEA	ESP,DWORD [-12+EBP]
  1400 00000BFA 5B                              	POP	EBX
  1401 00000BFB 5E                              	POP	ESI
  1402 00000BFC 5F                              	POP	EDI
  1403 00000BFD 5D                              	POP	EBP
  1404 00000BFE C3                              	RET
  1405 00000BFF                                 L286:
  1406 00000BFF 8D 04 0A                        	LEA	EAX,DWORD [EDX+ECX*1]
  1407 00000C02 8B 7D 08                        	MOV	EDI,DWORD [8+EBP]
  1408 00000C05 C6 44 38 09 0F                  	MOV	BYTE [9+EAX+EDI*1],15
  1409 00000C0A EB D9                           	JMP	L277
