     1 00000000                                 [FORMAT "WCOFF"]
     2 00000000                                 [INSTRSET "i486p"]
     3 00000000                                 [OPTIMIZE 1]
     4 00000000                                 [OPTION 1]
     5 00000000                                 [BITS 32]
     6 00000000                                 	EXTERN	_api_initmalloc
     7 00000000                                 	EXTERN	_api_malloc
     8 00000000                                 	EXTERN	_api_openwin
     9 00000000                                 	EXTERN	_api_refreshwin
    10 00000000                                 	EXTERN	_api_getkey
    11 00000000                                 	EXTERN	_api_end
    12 00000000                                 [FILE "color.c"]
    13                                          [SECTION .data]
    14 00000000                                 LC0:
    15 00000000 63 6F 6C 6F 72 00               	DB	"color",0x00
    16                                          [SECTION .text]
    17 00000000                                 	GLOBAL	_HighMain
    18 00000000                                 _HighMain:
    19 00000000 55                              	PUSH	EBP
    20 00000001 89 E5                           	MOV	EBP,ESP
    21 00000003 57                              	PUSH	EDI
    22 00000004 56                              	PUSH	ESI
    23 00000005 31 FF                           	XOR	EDI,EDI
    24 00000007 53                              	PUSH	EBX
    25 00000008 83 EC 0C                        	SUB	ESP,12
    26 0000000B E8 [00000000]                   	CALL	_api_initmalloc
    27 00000010 68 00005C40                     	PUSH	23616
    28 00000015 E8 [00000000]                   	CALL	_api_malloc
    29 0000001A 89 45 F0                        	MOV	DWORD [-16+EBP],EAX
    30 0000001D 68 [00000000]                   	PUSH	LC0
    31 00000022 68 000000A4                     	PUSH	164
    32 00000027 68 00000090                     	PUSH	144
    33 0000002C 50                              	PUSH	EAX
    34 0000002D E8 [00000000]                   	CALL	_api_openwin
    35 00000032 83 C4 14                        	ADD	ESP,20
    36 00000035 C7 45 E8 00000000               	MOV	DWORD [-24+EBP],0
    37 0000003C 89 45 EC                        	MOV	DWORD [-20+EBP],EAX
    38 0000003F                                 L11:
    39 0000003F 8B 45 E8                        	MOV	EAX,DWORD [-24+EBP]
    40 00000042 8B 55 F0                        	MOV	EDX,DWORD [-16+EBP]
    41 00000045 31 F6                           	XOR	ESI,ESI
    42 00000047 8D 9C 02 00000FC8               	LEA	EBX,DWORD [4040+EDX+EAX*1]
    43 0000004E                                 L10:
    44 0000004E 57                              	PUSH	EDI
    45 0000004F 8D 04 3F                        	LEA	EAX,DWORD [EDI+EDI*1]
    46 00000052 56                              	PUSH	ESI
    47 00000053 6A 00                           	PUSH	0
    48 00000055 50                              	PUSH	EAX
    49 00000056 8D 04 36                        	LEA	EAX,DWORD [ESI+ESI*1]
    50 00000059 50                              	PUSH	EAX
    51 0000005A 46                              	INC	ESI
    52 0000005B E8 00000044                     	CALL	_rgb2pal
    53 00000060 83 C4 14                        	ADD	ESP,20
    54 00000063 88 03                           	MOV	BYTE [EBX],AL
    55 00000065 43                              	INC	EBX
    56 00000066 83 FE 7F                        	CMP	ESI,127
    57 00000069 7E E3                           	JLE	L10
    58 0000006B 47                              	INC	EDI
    59 0000006C 81 45 E8 00000090               	ADD	DWORD [-24+EBP],144
    60 00000073 83 FF 7F                        	CMP	EDI,127
    61 00000076 7E C7                           	JLE	L11
    62 00000078 68 0000009C                     	PUSH	156
    63 0000007D 68 00000088                     	PUSH	136
    64 00000082 6A 1C                           	PUSH	28
    65 00000084 6A 08                           	PUSH	8
    66 00000086 FF 75 EC                        	PUSH	DWORD [-20+EBP]
    67 00000089 E8 [00000000]                   	CALL	_api_refreshwin
    68 0000008E 6A 01                           	PUSH	1
    69 00000090 E8 [00000000]                   	CALL	_api_getkey
    70 00000095 83 C4 18                        	ADD	ESP,24
    71 00000098 8D 65 F4                        	LEA	ESP,DWORD [-12+EBP]
    72 0000009B 5B                              	POP	EBX
    73 0000009C 5E                              	POP	ESI
    74 0000009D 5F                              	POP	EDI
    75 0000009E 5D                              	POP	EBP
    76 0000009F E9 [00000000]                   	JMP	_api_end
    77                                          [SECTION .data]
    78 00000006 00 00                           	ALIGNB	4
    79 00000008                                 _table.0:
    80 00000008 00000003                        	DD	3
    81 0000000C 00000001                        	DD	1
    82 00000010 00000000                        	DD	0
    83 00000014 00000002                        	DD	2
    84                                          [SECTION .text]
    85 000000A4                                 	GLOBAL	_rgb2pal
    86 000000A4                                 _rgb2pal:
    87 000000A4 55                              	PUSH	EBP
    88 000000A5 89 E5                           	MOV	EBP,ESP
    89 000000A7 57                              	PUSH	EDI
    90 000000A8 56                              	PUSH	ESI
    91 000000A9 BF 00000100                     	MOV	EDI,256
    92 000000AE 53                              	PUSH	EBX
    93 000000AF BE 00000100                     	MOV	ESI,256
    94 000000B4 83 EC 14                        	SUB	ESP,20
    95 000000B7 6B 4D 08 15                     	IMUL	ECX,DWORD [8+EBP],21
    96 000000BB 8B 55 14                        	MOV	EDX,DWORD [20+EBP]
    97 000000BE 8B 45 18                        	MOV	EAX,DWORD [24+EBP]
    98 000000C1 83 E2 01                        	AND	EDX,1
    99 000000C4 83 E0 01                        	AND	EAX,1
   100 000000C7 8D 04 42                        	LEA	EAX,DWORD [EDX+EAX*2]
   101 000000CA 8B 1C 85 [00000008]             	MOV	EBX,DWORD [_table.0+EAX*4]
   102 000000D1 89 C8                           	MOV	EAX,ECX
   103 000000D3 99                              	CDQ
   104 000000D4 F7 FE                           	IDIV	ESI
   105 000000D6 6B 75 0C 15                     	IMUL	ESI,DWORD [12+EBP],21
   106 000000DA 89 C1                           	MOV	ECX,EAX
   107 000000DC 89 F0                           	MOV	EAX,ESI
   108 000000DE 99                              	CDQ
   109 000000DF F7 FF                           	IDIV	EDI
   110 000000E1 6B 75 10 15                     	IMUL	ESI,DWORD [16+EBP],21
   111 000000E5 89 45 E0                        	MOV	DWORD [-32+EBP],EAX
   112 000000E8 01 D9                           	ADD	ECX,EBX
   113 000000EA 89 F0                           	MOV	EAX,ESI
   114 000000EC 99                              	CDQ
   115 000000ED F7 FF                           	IDIV	EDI
   116 000000EF 89 C6                           	MOV	ESI,EAX
   117 000000F1 BF 00000004                     	MOV	EDI,4
   118 000000F6 89 C8                           	MOV	EAX,ECX
   119 000000F8 99                              	CDQ
   120 000000F9 F7 FF                           	IDIV	EDI
   121 000000FB 89 C1                           	MOV	ECX,EAX
   122 000000FD 8B 45 E0                        	MOV	EAX,DWORD [-32+EBP]
   123 00000100 01 D8                           	ADD	EAX,EBX
   124 00000102 8D 1C 33                        	LEA	EBX,DWORD [EBX+ESI*1]
   125 00000105 99                              	CDQ
   126 00000106 F7 FF                           	IDIV	EDI
   127 00000108 89 45 E0                        	MOV	DWORD [-32+EBP],EAX
   128 0000010B 89 D8                           	MOV	EAX,EBX
   129 0000010D 99                              	CDQ
   130 0000010E F7 FF                           	IDIV	EDI
   131 00000110 89 C3                           	MOV	EBX,EAX
   132 00000112 6B 45 E0 06                     	IMUL	EAX,DWORD [-32+EBP],6
   133 00000116 6B D3 24                        	IMUL	EDX,EBX,36
   134 00000119 83 C4 14                        	ADD	ESP,20
   135 0000011C 8D 04 08                        	LEA	EAX,DWORD [EAX+ECX*1]
   136 0000011F 5B                              	POP	EBX
   137 00000120 5E                              	POP	ESI
   138 00000121 8D 44 02 10                     	LEA	EAX,DWORD [16+EDX+EAX*1]
   139 00000125 5F                              	POP	EDI
   140 00000126 0F B6 C0                        	MOVZX	EAX,AL
   141 00000129 5D                              	POP	EBP
   142 0000012A C3                              	RET
